🚀 Starting Regression Test Suite...
============================= test session starts ==============================
platform darwin -- Python 3.12.1, pytest-8.4.2, pluggy-1.6.0 -- /Users/neerajsharma/.pyenv/versions/3.12.1/bin/python
cachedir: .pytest_cache
rootdir: /Users/neerajsharma/personal/python-projects/options-quant
plugins: asyncio-1.2.0, anyio-4.11.0, flask-1.3.0, cov-4.1.0, mock-3.12.0
asyncio: mode=Mode.STRICT, debug=False, asyncio_default_fixture_loop_scope=None, asyncio_default_test_loop_scope=function
collecting ... collected 1 item

tests/regression/test_trade_flow.py::TestRegressionTradeFlow::test_complete_trade_cycle DEBUG: Tick 0 | Price: 48000.00 | Avg Score: 0.00 | Pos: None
DEBUG: PM Positions: {}
STRAT DEBUG: Tick 1700000004.0 | Pos: None | Avg: 2.00 | LastSig: 0
STRAT DEBUG: Tick 1700000005.0 | Pos: CE | Avg: 2.20 | LastSig: 1700000004.0
STRAT DEBUG: Holding... 1.0 < 60
STRAT DEBUG: Tick 1700000006.0 | Pos: CE | Avg: 1.90 | LastSig: 1700000004.0
STRAT DEBUG: Holding... 2.0 < 60
STRAT DEBUG: Tick 1700000007.0 | Pos: CE | Avg: 1.60 | LastSig: 1700000004.0
STRAT DEBUG: Holding... 3.0 < 60
STRAT DEBUG: Tick 1700000008.0 | Pos: CE | Avg: 1.30 | LastSig: 1700000004.0
STRAT DEBUG: Holding... 4.0 < 60
STRAT DEBUG: Tick 1700000009.0 | Pos: CE | Avg: 1.00 | LastSig: 1700000004.0
STRAT DEBUG: Holding... 5.0 < 60
STRAT DEBUG: Tick 1700000010.0 | Pos: CE | Avg: 1.00 | LastSig: 1700000004.0
STRAT DEBUG: Holding... 6.0 < 60
STRAT DEBUG: Tick 1700000011.0 | Pos: CE | Avg: 1.00 | LastSig: 1700000004.0
STRAT DEBUG: Holding... 7.0 < 60
STRAT DEBUG: Tick 1700000012.0 | Pos: CE | Avg: 1.00 | LastSig: 1700000004.0
STRAT DEBUG: Holding... 8.0 < 60
STRAT DEBUG: Tick 1700000013.0 | Pos: CE | Avg: 1.00 | LastSig: 1700000004.0
STRAT DEBUG: Holding... 9.0 < 60
STRAT DEBUG: Tick 1700000014.0 | Pos: CE | Avg: 1.00 | LastSig: 1700000004.0
STRAT DEBUG: Holding... 10.0 < 60
STRAT DEBUG: Tick 1700000015.0 | Pos: CE | Avg: 1.10 | LastSig: 1700000004.0
STRAT DEBUG: Holding... 11.0 < 60
STRAT DEBUG: Tick 1700000016.0 | Pos: CE | Avg: 1.20 | LastSig: 1700000004.0
STRAT DEBUG: Holding... 12.0 < 60
STRAT DEBUG: Tick 1700000017.0 | Pos: CE | Avg: 1.30 | LastSig: 1700000004.0
STRAT DEBUG: Holding... 13.0 < 60
STRAT DEBUG: Tick 1700000018.0 | Pos: CE | Avg: 1.40 | LastSig: 1700000004.0
STRAT DEBUG: Holding... 14.0 < 60
STRAT DEBUG: Tick 1700000019.0 | Pos: CE | Avg: 1.50 | LastSig: 1700000004.0
STRAT DEBUG: Holding... 15.0 < 60
STRAT DEBUG: Tick 1700000020.0 | Pos: CE | Avg: 1.50 | LastSig: 1700000004.0
STRAT DEBUG: Holding... 16.0 < 60
STRAT DEBUG: Tick 1700000021.0 | Pos: CE | Avg: 1.50 | LastSig: 1700000004.0
STRAT DEBUG: Holding... 17.0 < 60
STRAT DEBUG: Tick 1700000022.0 | Pos: CE | Avg: 1.50 | LastSig: 1700000004.0
STRAT DEBUG: Holding... 18.0 < 60
STRAT DEBUG: Tick 1700000023.0 | Pos: CE | Avg: 1.50 | LastSig: 1700000004.0
STRAT DEBUG: Holding... 19.0 < 60
STRAT DEBUG: Tick 1700000024.0 | Pos: CE | Avg: 1.50 | LastSig: 1700000004.0
STRAT DEBUG: Holding... 20.0 < 60
STRAT DEBUG: Tick 1700000025.0 | Pos: CE | Avg: 1.50 | LastSig: 1700000004.0
STRAT DEBUG: Holding... 21.0 < 60
STRAT DEBUG: Tick 1700000026.0 | Pos: CE | Avg: 1.50 | LastSig: 1700000004.0
STRAT DEBUG: Holding... 22.0 < 60
STRAT DEBUG: Tick 1700000027.0 | Pos: CE | Avg: 1.50 | LastSig: 1700000004.0
STRAT DEBUG: Holding... 23.0 < 60
STRAT DEBUG: Tick 1700000028.0 | Pos: CE | Avg: 1.50 | LastSig: 1700000004.0
STRAT DEBUG: Holding... 24.0 < 60
STRAT DEBUG: Tick 1700000029.0 | Pos: CE | Avg: 1.50 | LastSig: 1700000004.0
STRAT DEBUG: Holding... 25.0 < 60
STRAT DEBUG: Tick 1700000030.0 | Pos: CE | Avg: 1.50 | LastSig: 1700000004.0
STRAT DEBUG: Holding... 26.0 < 60
STRAT DEBUG: Tick 1700000031.0 | Pos: CE | Avg: 1.70 | LastSig: 1700000004.0
STRAT DEBUG: Holding... 27.0 < 60
STRAT DEBUG: Tick 1700000032.0 | Pos: CE | Avg: 1.90 | LastSig: 1700000004.0
STRAT DEBUG: Holding... 28.0 < 60
STRAT DEBUG: Tick 1700000033.0 | Pos: CE | Avg: 2.10 | LastSig: 1700000004.0
STRAT DEBUG: Holding... 29.0 < 60
STRAT DEBUG: Tick 1700000034.0 | Pos: CE | Avg: 2.30 | LastSig: 1700000004.0
STRAT DEBUG: Holding... 30.0 < 60
STRAT DEBUG: Tick 1700000035.0 | Pos: CE | Avg: 2.50 | LastSig: 1700000004.0
STRAT DEBUG: Holding... 31.0 < 60
STRAT DEBUG: Tick 1700000036.0 | Pos: CE | Avg: 2.50 | LastSig: 1700000004.0
STRAT DEBUG: Holding... 32.0 < 60
STRAT DEBUG: Tick 1700000037.0 | Pos: CE | Avg: 2.50 | LastSig: 1700000004.0
STRAT DEBUG: Holding... 33.0 < 60
STRAT DEBUG: Tick 1700000038.0 | Pos: CE | Avg: 2.50 | LastSig: 1700000004.0
STRAT DEBUG: Holding... 34.0 < 60
STRAT DEBUG: Tick 1700000039.0 | Pos: CE | Avg: 2.50 | LastSig: 1700000004.0
STRAT DEBUG: Holding... 35.0 < 60
STRAT DEBUG: Tick 1700000040.0 | Pos: CE | Avg: 2.50 | LastSig: 1700000004.0
STRAT DEBUG: Holding... 36.0 < 60
STRAT DEBUG: Tick 1700000041.0 | Pos: CE | Avg: 2.50 | LastSig: 1700000004.0
STRAT DEBUG: Holding... 37.0 < 60
STRAT DEBUG: Tick 1700000042.0 | Pos: CE | Avg: 2.50 | LastSig: 1700000004.0
STRAT DEBUG: Holding... 38.0 < 60
STRAT DEBUG: Tick 1700000043.0 | Pos: CE | Avg: 2.50 | LastSig: 1700000004.0
STRAT DEBUG: Holding... 39.0 < 60
STRAT DEBUG: Tick 1700000044.0 | Pos: CE | Avg: 2.50 | LastSig: 1700000004.0
STRAT DEBUG: Holding... 40.0 < 60
STRAT DEBUG: Tick 1700000045.0 | Pos: CE | Avg: 2.50 | LastSig: 1700000004.0
STRAT DEBUG: Holding... 41.0 < 60
STRAT DEBUG: Tick 1700000046.0 | Pos: CE | Avg: 2.50 | LastSig: 1700000004.0
STRAT DEBUG: Holding... 42.0 < 60
STRAT DEBUG: Tick 1700000047.0 | Pos: CE | Avg: 2.50 | LastSig: 1700000004.0
STRAT DEBUG: Holding... 43.0 < 60
STRAT DEBUG: Tick 1700000048.0 | Pos: CE | Avg: 2.50 | LastSig: 1700000004.0
STRAT DEBUG: Holding... 44.0 < 60
STRAT DEBUG: Tick 1700000049.0 | Pos: CE | Avg: 2.50 | LastSig: 1700000004.0
STRAT DEBUG: Holding... 45.0 < 60
STRAT DEBUG: Tick 1700000050.0 | Pos: CE | Avg: 2.50 | LastSig: 1700000004.0
STRAT DEBUG: Holding... 46.0 < 60
STRAT DEBUG: Tick 1700000051.0 | Pos: CE | Avg: 2.50 | LastSig: 1700000004.0
STRAT DEBUG: Holding... 47.0 < 60
STRAT DEBUG: Tick 1700000052.0 | Pos: CE | Avg: 2.50 | LastSig: 1700000004.0
STRAT DEBUG: Holding... 48.0 < 60
STRAT DEBUG: Tick 1700000053.0 | Pos: CE | Avg: 2.50 | LastSig: 1700000004.0
STRAT DEBUG: Holding... 49.0 < 60
STRAT DEBUG: Tick 1700000054.0 | Pos: CE | Avg: 2.50 | LastSig: 1700000004.0
STRAT DEBUG: Holding... 50.0 < 60
STRAT DEBUG: Tick 1700000055.0 | Pos: CE | Avg: 2.50 | LastSig: 1700000004.0
STRAT DEBUG: Holding... 51.0 < 60
STRAT DEBUG: Tick 1700000056.0 | Pos: CE | Avg: 2.50 | LastSig: 1700000004.0
STRAT DEBUG: Holding... 52.0 < 60
STRAT DEBUG: Tick 1700000057.0 | Pos: CE | Avg: 2.50 | LastSig: 1700000004.0
STRAT DEBUG: Holding... 53.0 < 60
STRAT DEBUG: Tick 1700000058.0 | Pos: CE | Avg: 2.50 | LastSig: 1700000004.0
STRAT DEBUG: Holding... 54.0 < 60
STRAT DEBUG: Tick 1700000059.0 | Pos: CE | Avg: 2.50 | LastSig: 1700000004.0
STRAT DEBUG: Holding... 55.0 < 60
STRAT DEBUG: Tick 1700000060.0 | Pos: CE | Avg: 2.50 | LastSig: 1700000004.0
STRAT DEBUG: Holding... 56.0 < 60
STRAT DEBUG: Tick 1700000061.0 | Pos: CE | Avg: 2.50 | LastSig: 1700000004.0
STRAT DEBUG: Holding... 57.0 < 60
STRAT DEBUG: Tick 1700000062.0 | Pos: CE | Avg: 2.50 | LastSig: 1700000004.0
STRAT DEBUG: Holding... 58.0 < 60
STRAT DEBUG: Tick 1700000063.0 | Pos: CE | Avg: 2.50 | LastSig: 1700000004.0
STRAT DEBUG: Holding... 59.0 < 60
STRAT DEBUG: Tick 1700000064.0 | Pos: CE | Avg: 2.50 | LastSig: 1700000004.0
STRAT DEBUG: Tick 1700000065.0 | Pos: CE | Avg: 2.50 | LastSig: 1700000004.0
STRAT DEBUG: Tick 1700000066.0 | Pos: CE | Avg: 2.50 | LastSig: 1700000004.0
STRAT DEBUG: Tick 1700000067.0 | Pos: CE | Avg: 2.50 | LastSig: 1700000004.0
STRAT DEBUG: Tick 1700000068.0 | Pos: CE | Avg: 2.50 | LastSig: 1700000004.0
STRAT DEBUG: Tick 1700000069.0 | Pos: CE | Avg: 2.50 | LastSig: 1700000004.0
STRAT DEBUG: Tick 1700000070.0 | Pos: CE | Avg: 2.50 | LastSig: 1700000004.0
STRAT DEBUG: Tick 1700000071.0 | Pos: CE | Avg: 2.50 | LastSig: 1700000004.0
STRAT DEBUG: Tick 1700000072.0 | Pos: CE | Avg: 2.50 | LastSig: 1700000004.0
STRAT DEBUG: Tick 1700000073.0 | Pos: CE | Avg: 2.50 | LastSig: 1700000004.0
STRAT DEBUG: Tick 1700000074.0 | Pos: CE | Avg: 2.50 | LastSig: 1700000004.0
STRAT DEBUG: Tick 1700000075.0 | Pos: CE | Avg: 2.50 | LastSig: 1700000004.0
STRAT DEBUG: Tick 1700000076.0 | Pos: CE | Avg: 2.50 | LastSig: 1700000004.0
STRAT DEBUG: Tick 1700000077.0 | Pos: CE | Avg: 2.50 | LastSig: 1700000004.0
STRAT DEBUG: Tick 1700000078.0 | Pos: CE | Avg: 2.50 | LastSig: 1700000004.0
STRAT DEBUG: Tick 1700000079.0 | Pos: CE | Avg: 2.50 | LastSig: 1700000004.0
STRAT DEBUG: Tick 1700000080.0 | Pos: CE | Avg: 2.50 | LastSig: 1700000004.0
STRAT DEBUG: Tick 1700000081.0 | Pos: CE | Avg: 2.50 | LastSig: 1700000004.0
STRAT DEBUG: Tick 1700000082.0 | Pos: CE | Avg: 2.50 | LastSig: 1700000004.0
STRAT DEBUG: Tick 1700000083.0 | Pos: CE | Avg: 2.50 | LastSig: 1700000004.0
STRAT DEBUG: Tick 1700000084.0 | Pos: CE | Avg: 2.50 | LastSig: 1700000004.0
STRAT DEBUG: Tick 1700000085.0 | Pos: CE | Avg: 2.50 | LastSig: 1700000004.0
STRAT DEBUG: Tick 1700000086.0 | Pos: CE | Avg: 2.50 | LastSig: 1700000004.0
STRAT DEBUG: Tick 1700000087.0 | Pos: CE | Avg: 2.50 | LastSig: 1700000004.0
STRAT DEBUG: Tick 1700000088.0 | Pos: CE | Avg: 2.50 | LastSig: 1700000004.0
STRAT DEBUG: Tick 1700000089.0 | Pos: CE | Avg: 2.50 | LastSig: 1700000004.0
STRAT DEBUG: Tick 1700000090.0 | Pos: CE | Avg: 2.50 | LastSig: 1700000004.0
STRAT DEBUG: Tick 1700000091.0 | Pos: CE | Avg: 2.50 | LastSig: 1700000004.0
STRAT DEBUG: Tick 1700000092.0 | Pos: CE | Avg: 2.50 | LastSig: 1700000004.0
STRAT DEBUG: Tick 1700000093.0 | Pos: CE | Avg: 2.50 | LastSig: 1700000004.0
STRAT DEBUG: Tick 1700000094.0 | Pos: CE | Avg: 2.50 | LastSig: 1700000004.0
STRAT DEBUG: Tick 1700000095.0 | Pos: CE | Avg: 2.50 | LastSig: 1700000004.0
STRAT DEBUG: Tick 1700000096.0 | Pos: CE | Avg: 2.50 | LastSig: 1700000004.0
STRAT DEBUG: Tick 1700000097.0 | Pos: CE | Avg: 2.50 | LastSig: 1700000004.0
STRAT DEBUG: Tick 1700000098.0 | Pos: CE | Avg: 2.50 | LastSig: 1700000004.0
STRAT DEBUG: Tick 1700000099.0 | Pos: CE | Avg: 2.50 | LastSig: 1700000004.0
STRAT DEBUG: Tick 1700000100.0 | Pos: CE | Avg: 2.50 | LastSig: 1700000004.0
DEBUG: Tick 100 | Price: 48086.60 | Avg Score: 2.50 | Pos: PaperTrade(entry_time='2026-01-05T18:48:50.587389', entry_price=48008.37, entry_strike=0, option_type='CE', quantity=15, entry_reason='[MAIN] BUY_CE', exit_time=None, exit_price=None, pnl=None, status='OPEN')
DEBUG: PM Positions: {('BANKNIFTY28JAN26C48000', 'I'): {'net_qty': 15, 'avg_price': 48008.37, 'realized_pnl': 0.0, 'unrealized_pnl': 0.0, 'entry_time': '18:48:50'}}
STRAT DEBUG: Tick 1700000101.0 | Pos: CE | Avg: 2.50 | LastSig: 1700000004.0
STRAT DEBUG: Tick 1700000102.0 | Pos: CE | Avg: 2.50 | LastSig: 1700000004.0
STRAT DEBUG: Tick 1700000103.0 | Pos: CE | Avg: 2.50 | LastSig: 1700000004.0
STRAT DEBUG: Tick 1700000104.0 | Pos: CE | Avg: 2.50 | LastSig: 1700000004.0
STRAT DEBUG: Tick 1700000105.0 | Pos: CE | Avg: 2.50 | LastSig: 1700000004.0
STRAT DEBUG: Tick 1700000106.0 | Pos: CE | Avg: 2.50 | LastSig: 1700000004.0
STRAT DEBUG: Tick 1700000107.0 | Pos: CE | Avg: 2.50 | LastSig: 1700000004.0
STRAT DEBUG: Tick 1700000108.0 | Pos: CE | Avg: 2.50 | LastSig: 1700000004.0
STRAT DEBUG: Tick 1700000109.0 | Pos: CE | Avg: 2.50 | LastSig: 1700000004.0
STRAT DEBUG: Tick 1700000110.0 | Pos: CE | Avg: 2.50 | LastSig: 1700000004.0
STRAT DEBUG: Tick 1700000111.0 | Pos: CE | Avg: 2.50 | LastSig: 1700000004.0
STRAT DEBUG: Tick 1700000112.0 | Pos: CE | Avg: 2.50 | LastSig: 1700000004.0
STRAT DEBUG: Tick 1700000113.0 | Pos: CE | Avg: 2.50 | LastSig: 1700000004.0
STRAT DEBUG: Tick 1700000114.0 | Pos: CE | Avg: 2.50 | LastSig: 1700000004.0
STRAT DEBUG: Tick 1700000115.0 | Pos: CE | Avg: 2.50 | LastSig: 1700000004.0
STRAT DEBUG: Tick 1700000116.0 | Pos: CE | Avg: 2.50 | LastSig: 1700000004.0
STRAT DEBUG: Tick 1700000117.0 | Pos: CE | Avg: 2.50 | LastSig: 1700000004.0
STRAT DEBUG: Tick 1700000118.0 | Pos: CE | Avg: 2.50 | LastSig: 1700000004.0
STRAT DEBUG: Tick 1700000119.0 | Pos: CE | Avg: 2.50 | LastSig: 1700000004.0
STRAT DEBUG: Tick 1700000120.0 | Pos: CE | Avg: 2.30 | LastSig: 1700000004.0
STRAT DEBUG: Tick 1700000121.0 | Pos: CE | Avg: 2.10 | LastSig: 1700000004.0
STRAT DEBUG: Tick 1700000122.0 | Pos: CE | Avg: 1.90 | LastSig: 1700000004.0
STRAT DEBUG: Tick 1700000123.0 | Pos: CE | Avg: 1.70 | LastSig: 1700000004.0
STRAT DEBUG: Tick 1700000124.0 | Pos: CE | Avg: 1.50 | LastSig: 1700000004.0
STRAT DEBUG: Tick 1700000125.0 | Pos: CE | Avg: 1.50 | LastSig: 1700000004.0
STRAT DEBUG: Tick 1700000126.0 | Pos: CE | Avg: 1.50 | LastSig: 1700000004.0
STRAT DEBUG: Tick 1700000127.0 | Pos: CE | Avg: 1.50 | LastSig: 1700000004.0
STRAT DEBUG: Tick 1700000128.0 | Pos: CE | Avg: 1.40 | LastSig: 1700000004.0
STRAT DEBUG: Tick 1700000129.0 | Pos: CE | Avg: 1.30 | LastSig: 1700000004.0
STRAT DEBUG: Tick 1700000130.0 | Pos: CE | Avg: 1.20 | LastSig: 1700000004.0
STRAT DEBUG: Tick 1700000131.0 | Pos: CE | Avg: 1.10 | LastSig: 1700000004.0
STRAT DEBUG: Tick 1700000132.0 | Pos: CE | Avg: 1.00 | LastSig: 1700000004.0
STRAT DEBUG: Tick 1700000133.0 | Pos: CE | Avg: 1.00 | LastSig: 1700000004.0
STRAT DEBUG: Tick 1700000134.0 | Pos: CE | Avg: 1.00 | LastSig: 1700000004.0
STRAT DEBUG: Tick 1700000135.0 | Pos: CE | Avg: 1.00 | LastSig: 1700000004.0
STRAT DEBUG: Tick 1700000136.0 | Pos: CE | Avg: 1.00 | LastSig: 1700000004.0
STRAT DEBUG: Tick 1700000137.0 | Pos: CE | Avg: 1.00 | LastSig: 1700000004.0
STRAT DEBUG: Tick 1700000138.0 | Pos: CE | Avg: 1.00 | LastSig: 1700000004.0
STRAT DEBUG: Tick 1700000139.0 | Pos: CE | Avg: 1.00 | LastSig: 1700000004.0
STRAT DEBUG: Tick 1700000140.0 | Pos: CE | Avg: 1.00 | LastSig: 1700000004.0
STRAT DEBUG: Tick 1700000141.0 | Pos: CE | Avg: 1.00 | LastSig: 1700000004.0
STRAT DEBUG: Tick 1700000142.0 | Pos: CE | Avg: 1.00 | LastSig: 1700000004.0
STRAT DEBUG: Tick 1700000143.0 | Pos: CE | Avg: 0.50 | LastSig: 1700000004.0
STRAT DEBUG: Tick 1700000144.0 | Pos: CE | Avg: 0.00 | LastSig: 1700000004.0
STRAT DEBUG: Tick 1700000145.0 | Pos: None | Avg: -0.80 | LastSig: 1700000144.0
STRAT DEBUG: Holding... 1.0 < 60
STRAT DEBUG: Tick 1700000146.0 | Pos: None | Avg: -1.60 | LastSig: 1700000144.0
STRAT DEBUG: Holding... 2.0 < 60
STRAT DEBUG: Tick 1700000147.0 | Pos: None | Avg: -2.40 | LastSig: 1700000144.0
STRAT DEBUG: Holding... 3.0 < 60
STRAT DEBUG: Tick 1700000148.0 | Pos: None | Avg: -2.70 | LastSig: 1700000144.0
STRAT DEBUG: Holding... 4.0 < 60
STRAT DEBUG: Tick 1700000149.0 | Pos: None | Avg: -3.00 | LastSig: 1700000144.0
STRAT DEBUG: Holding... 5.0 < 60
STRAT DEBUG: Tick 1700000150.0 | Pos: None | Avg: -3.00 | LastSig: 1700000144.0
STRAT DEBUG: Holding... 6.0 < 60
STRAT DEBUG: Tick 1700000151.0 | Pos: None | Avg: -3.20 | LastSig: 1700000144.0
STRAT DEBUG: Holding... 7.0 < 60
STRAT DEBUG: Tick 1700000152.0 | Pos: None | Avg: -3.40 | LastSig: 1700000144.0
STRAT DEBUG: Holding... 8.0 < 60
STRAT DEBUG: Tick 1700000153.0 | Pos: None | Avg: -3.60 | LastSig: 1700000144.0
STRAT DEBUG: Holding... 9.0 < 60
STRAT DEBUG: Tick 1700000154.0 | Pos: None | Avg: -3.80 | LastSig: 1700000144.0
STRAT DEBUG: Holding... 10.0 < 60
STRAT DEBUG: Tick 1700000155.0 | Pos: None | Avg: -4.00 | LastSig: 1700000144.0
STRAT DEBUG: Holding... 11.0 < 60
STRAT DEBUG: Tick 1700000156.0 | Pos: None | Avg: -4.00 | LastSig: 1700000144.0
STRAT DEBUG: Holding... 12.0 < 60
STRAT DEBUG: Tick 1700000157.0 | Pos: None | Avg: -4.00 | LastSig: 1700000144.0
STRAT DEBUG: Holding... 13.0 < 60
STRAT DEBUG: Tick 1700000158.0 | Pos: None | Avg: -4.00 | LastSig: 1700000144.0
STRAT DEBUG: Holding... 14.0 < 60
STRAT DEBUG: Tick 1700000159.0 | Pos: None | Avg: -4.00 | LastSig: 1700000144.0
STRAT DEBUG: Holding... 15.0 < 60
STRAT DEBUG: Tick 1700000160.0 | Pos: None | Avg: -4.00 | LastSig: 1700000144.0
STRAT DEBUG: Holding... 16.0 < 60
STRAT DEBUG: Tick 1700000161.0 | Pos: None | Avg: -4.00 | LastSig: 1700000144.0
STRAT DEBUG: Holding... 17.0 < 60
STRAT DEBUG: Tick 1700000162.0 | Pos: None | Avg: -4.00 | LastSig: 1700000144.0
STRAT DEBUG: Holding... 18.0 < 60
STRAT DEBUG: Tick 1700000163.0 | Pos: None | Avg: -4.00 | LastSig: 1700000144.0
STRAT DEBUG: Holding... 19.0 < 60
STRAT DEBUG: Tick 1700000164.0 | Pos: None | Avg: -4.00 | LastSig: 1700000144.0
STRAT DEBUG: Holding... 20.0 < 60
STRAT DEBUG: Tick 1700000165.0 | Pos: None | Avg: -4.00 | LastSig: 1700000144.0
STRAT DEBUG: Holding... 21.0 < 60
STRAT DEBUG: Tick 1700000166.0 | Pos: None | Avg: -4.00 | LastSig: 1700000144.0
STRAT DEBUG: Holding... 22.0 < 60
STRAT DEBUG: Tick 1700000167.0 | Pos: None | Avg: -4.00 | LastSig: 1700000144.0
STRAT DEBUG: Holding... 23.0 < 60
STRAT DEBUG: Tick 1700000168.0 | Pos: None | Avg: -4.00 | LastSig: 1700000144.0
STRAT DEBUG: Holding... 24.0 < 60
STRAT DEBUG: Tick 1700000169.0 | Pos: None | Avg: -4.00 | LastSig: 1700000144.0
STRAT DEBUG: Holding... 25.0 < 60
STRAT DEBUG: Tick 1700000170.0 | Pos: None | Avg: -4.00 | LastSig: 1700000144.0
STRAT DEBUG: Holding... 26.0 < 60
STRAT DEBUG: Tick 1700000171.0 | Pos: None | Avg: -4.00 | LastSig: 1700000144.0
STRAT DEBUG: Holding... 27.0 < 60
STRAT DEBUG: Tick 1700000172.0 | Pos: None | Avg: -4.00 | LastSig: 1700000144.0
STRAT DEBUG: Holding... 28.0 < 60
STRAT DEBUG: Tick 1700000173.0 | Pos: None | Avg: -4.00 | LastSig: 1700000144.0
STRAT DEBUG: Holding... 29.0 < 60
STRAT DEBUG: Tick 1700000174.0 | Pos: None | Avg: -4.00 | LastSig: 1700000144.0
STRAT DEBUG: Holding... 30.0 < 60
STRAT DEBUG: Tick 1700000175.0 | Pos: None | Avg: -4.00 | LastSig: 1700000144.0
STRAT DEBUG: Holding... 31.0 < 60
STRAT DEBUG: Tick 1700000176.0 | Pos: None | Avg: -4.00 | LastSig: 1700000144.0
STRAT DEBUG: Holding... 32.0 < 60
STRAT DEBUG: Tick 1700000177.0 | Pos: None | Avg: -4.00 | LastSig: 1700000144.0
STRAT DEBUG: Holding... 33.0 < 60
STRAT DEBUG: Tick 1700000178.0 | Pos: None | Avg: -4.00 | LastSig: 1700000144.0
STRAT DEBUG: Holding... 34.0 < 60
STRAT DEBUG: Tick 1700000179.0 | Pos: None | Avg: -4.00 | LastSig: 1700000144.0
STRAT DEBUG: Holding... 35.0 < 60
STRAT DEBUG: Tick 1700000180.0 | Pos: None | Avg: -4.00 | LastSig: 1700000144.0
STRAT DEBUG: Holding... 36.0 < 60
STRAT DEBUG: Tick 1700000181.0 | Pos: None | Avg: -4.00 | LastSig: 1700000144.0
STRAT DEBUG: Holding... 37.0 < 60
STRAT DEBUG: Tick 1700000182.0 | Pos: None | Avg: -4.00 | LastSig: 1700000144.0
STRAT DEBUG: Holding... 38.0 < 60
STRAT DEBUG: Tick 1700000183.0 | Pos: None | Avg: -4.00 | LastSig: 1700000144.0
STRAT DEBUG: Holding... 39.0 < 60
STRAT DEBUG: Tick 1700000184.0 | Pos: None | Avg: -4.00 | LastSig: 1700000144.0
STRAT DEBUG: Holding... 40.0 < 60
STRAT DEBUG: Tick 1700000185.0 | Pos: None | Avg: -4.00 | LastSig: 1700000144.0
STRAT DEBUG: Holding... 41.0 < 60
STRAT DEBUG: Tick 1700000186.0 | Pos: None | Avg: -4.00 | LastSig: 1700000144.0
STRAT DEBUG: Holding... 42.0 < 60
STRAT DEBUG: Tick 1700000187.0 | Pos: None | Avg: -4.00 | LastSig: 1700000144.0
STRAT DEBUG: Holding... 43.0 < 60
STRAT DEBUG: Tick 1700000188.0 | Pos: None | Avg: -4.00 | LastSig: 1700000144.0
STRAT DEBUG: Holding... 44.0 < 60
STRAT DEBUG: Tick 1700000189.0 | Pos: None | Avg: -4.00 | LastSig: 1700000144.0
STRAT DEBUG: Holding... 45.0 < 60
STRAT DEBUG: Tick 1700000190.0 | Pos: None | Avg: -4.00 | LastSig: 1700000144.0
STRAT DEBUG: Holding... 46.0 < 60
STRAT DEBUG: Tick 1700000191.0 | Pos: None | Avg: -4.00 | LastSig: 1700000144.0
STRAT DEBUG: Holding... 47.0 < 60
STRAT DEBUG: Tick 1700000192.0 | Pos: None | Avg: -4.00 | LastSig: 1700000144.0
STRAT DEBUG: Holding... 48.0 < 60
STRAT DEBUG: Tick 1700000193.0 | Pos: None | Avg: -4.00 | LastSig: 1700000144.0
STRAT DEBUG: Holding... 49.0 < 60
STRAT DEBUG: Tick 1700000194.0 | Pos: None | Avg: -4.00 | LastSig: 1700000144.0
STRAT DEBUG: Holding... 50.0 < 60
STRAT DEBUG: Tick 1700000195.0 | Pos: None | Avg: -4.00 | LastSig: 1700000144.0
STRAT DEBUG: Holding... 51.0 < 60
STRAT DEBUG: Tick 1700000196.0 | Pos: None | Avg: -4.00 | LastSig: 1700000144.0
STRAT DEBUG: Holding... 52.0 < 60
STRAT DEBUG: Tick 1700000197.0 | Pos: None | Avg: -4.00 | LastSig: 1700000144.0
STRAT DEBUG: Holding... 53.0 < 60
STRAT DEBUG: Tick 1700000198.0 | Pos: None | Avg: -4.00 | LastSig: 1700000144.0
STRAT DEBUG: Holding... 54.0 < 60
STRAT DEBUG: Tick 1700000199.0 | Pos: None | Avg: -4.00 | LastSig: 1700000144.0
STRAT DEBUG: Holding... 55.0 < 60
STRAT DEBUG: Tick 1700000200.0 | Pos: None | Avg: -4.00 | LastSig: 1700000144.0
STRAT DEBUG: Holding... 56.0 < 60
DEBUG: Tick 200 | Price: 47913.40 | Avg Score: -4.00 | Pos: None
DEBUG: PM Positions: {('BANKNIFTY28JAN26C48000', 'I'): {'net_qty': 0, 'avg_price': 0.0, 'realized_pnl': 62.39999999994325, 'unrealized_pnl': 0.0, 'entry_time': '18:48:50'}}
STRAT DEBUG: Tick 1700000201.0 | Pos: None | Avg: -4.00 | LastSig: 1700000144.0
STRAT DEBUG: Holding... 57.0 < 60
STRAT DEBUG: Tick 1700000202.0 | Pos: None | Avg: -4.00 | LastSig: 1700000144.0
STRAT DEBUG: Holding... 58.0 < 60
STRAT DEBUG: Tick 1700000203.0 | Pos: None | Avg: -4.00 | LastSig: 1700000144.0
STRAT DEBUG: Holding... 59.0 < 60
STRAT DEBUG: Tick 1700000204.0 | Pos: None | Avg: -4.00 | LastSig: 1700000144.0
STRAT DEBUG: Tick 1700000205.0 | Pos: PE | Avg: -3.70 | LastSig: 1700000204.0
STRAT DEBUG: Holding... 1.0 < 60
STRAT DEBUG: Tick 1700000206.0 | Pos: PE | Avg: -3.40 | LastSig: 1700000204.0
STRAT DEBUG: Holding... 2.0 < 60
STRAT DEBUG: Tick 1700000207.0 | Pos: PE | Avg: -3.10 | LastSig: 1700000204.0
STRAT DEBUG: Holding... 3.0 < 60
STRAT DEBUG: Tick 1700000208.0 | Pos: PE | Avg: -2.80 | LastSig: 1700000204.0
STRAT DEBUG: Holding... 4.0 < 60
STRAT DEBUG: Tick 1700000209.0 | Pos: PE | Avg: -2.50 | LastSig: 1700000204.0
STRAT DEBUG: Holding... 5.0 < 60
STRAT DEBUG: Tick 1700000210.0 | Pos: PE | Avg: -2.50 | LastSig: 1700000204.0
STRAT DEBUG: Holding... 6.0 < 60
STRAT DEBUG: Tick 1700000211.0 | Pos: PE | Avg: -2.50 | LastSig: 1700000204.0
STRAT DEBUG: Holding... 7.0 < 60
STRAT DEBUG: Tick 1700000212.0 | Pos: PE | Avg: -2.50 | LastSig: 1700000204.0
STRAT DEBUG: Holding... 8.0 < 60
STRAT DEBUG: Tick 1700000213.0 | Pos: PE | Avg: -2.50 | LastSig: 1700000204.0
STRAT DEBUG: Holding... 9.0 < 60
STRAT DEBUG: Tick 1700000214.0 | Pos: PE | Avg: -2.50 | LastSig: 1700000204.0
STRAT DEBUG: Holding... 10.0 < 60
STRAT DEBUG: Tick 1700000215.0 | Pos: PE | Avg: -2.50 | LastSig: 1700000204.0
STRAT DEBUG: Holding... 11.0 < 60
STRAT DEBUG: Tick 1700000216.0 | Pos: PE | Avg: -2.50 | LastSig: 1700000204.0
STRAT DEBUG: Holding... 12.0 < 60
STRAT DEBUG: Tick 1700000217.0 | Pos: PE | Avg: -2.50 | LastSig: 1700000204.0
STRAT DEBUG: Holding... 13.0 < 60
STRAT DEBUG: Tick 1700000218.0 | Pos: PE | Avg: -2.50 | LastSig: 1700000204.0
STRAT DEBUG: Holding... 14.0 < 60
STRAT DEBUG: Tick 1700000219.0 | Pos: PE | Avg: -2.50 | LastSig: 1700000204.0
STRAT DEBUG: Holding... 15.0 < 60
STRAT DEBUG: Tick 1700000220.0 | Pos: PE | Avg: -2.50 | LastSig: 1700000204.0
STRAT DEBUG: Holding... 16.0 < 60
STRAT DEBUG: Tick 1700000221.0 | Pos: PE | Avg: -2.50 | LastSig: 1700000204.0
STRAT DEBUG: Holding... 17.0 < 60
STRAT DEBUG: Tick 1700000222.0 | Pos: PE | Avg: -2.50 | LastSig: 1700000204.0
STRAT DEBUG: Holding... 18.0 < 60
STRAT DEBUG: Tick 1700000223.0 | Pos: PE | Avg: -2.50 | LastSig: 1700000204.0
STRAT DEBUG: Holding... 19.0 < 60
STRAT DEBUG: Tick 1700000224.0 | Pos: PE | Avg: -2.50 | LastSig: 1700000204.0
STRAT DEBUG: Holding... 20.0 < 60
STRAT DEBUG: Tick 1700000225.0 | Pos: PE | Avg: -2.50 | LastSig: 1700000204.0
STRAT DEBUG: Holding... 21.0 < 60
STRAT DEBUG: Tick 1700000226.0 | Pos: PE | Avg: -2.50 | LastSig: 1700000204.0
STRAT DEBUG: Holding... 22.0 < 60
STRAT DEBUG: Tick 1700000227.0 | Pos: PE | Avg: -2.50 | LastSig: 1700000204.0
STRAT DEBUG: Holding... 23.0 < 60
STRAT DEBUG: Tick 1700000228.0 | Pos: PE | Avg: -2.50 | LastSig: 1700000204.0
STRAT DEBUG: Holding... 24.0 < 60
STRAT DEBUG: Tick 1700000229.0 | Pos: PE | Avg: -2.50 | LastSig: 1700000204.0
STRAT DEBUG: Holding... 25.0 < 60
STRAT DEBUG: Tick 1700000230.0 | Pos: PE | Avg: -2.50 | LastSig: 1700000204.0
STRAT DEBUG: Holding... 26.0 < 60
STRAT DEBUG: Tick 1700000231.0 | Pos: PE | Avg: -2.50 | LastSig: 1700000204.0
STRAT DEBUG: Holding... 27.0 < 60
STRAT DEBUG: Tick 1700000232.0 | Pos: PE | Avg: -2.50 | LastSig: 1700000204.0
STRAT DEBUG: Holding... 28.0 < 60
STRAT DEBUG: Tick 1700000233.0 | Pos: PE | Avg: -2.50 | LastSig: 1700000204.0
STRAT DEBUG: Holding... 29.0 < 60
STRAT DEBUG: Tick 1700000234.0 | Pos: PE | Avg: -2.50 | LastSig: 1700000204.0
STRAT DEBUG: Holding... 30.0 < 60
STRAT DEBUG: Tick 1700000235.0 | Pos: PE | Avg: -2.50 | LastSig: 1700000204.0
STRAT DEBUG: Holding... 31.0 < 60
STRAT DEBUG: Tick 1700000236.0 | Pos: PE | Avg: -2.50 | LastSig: 1700000204.0
STRAT DEBUG: Holding... 32.0 < 60
STRAT DEBUG: Tick 1700000237.0 | Pos: PE | Avg: -2.50 | LastSig: 1700000204.0
STRAT DEBUG: Holding... 33.0 < 60
STRAT DEBUG: Tick 1700000238.0 | Pos: PE | Avg: -2.50 | LastSig: 1700000204.0
STRAT DEBUG: Holding... 34.0 < 60
STRAT DEBUG: Tick 1700000239.0 | Pos: PE | Avg: -2.50 | LastSig: 1700000204.0
STRAT DEBUG: Holding... 35.0 < 60
STRAT DEBUG: Tick 1700000240.0 | Pos: PE | Avg: -2.50 | LastSig: 1700000204.0
STRAT DEBUG: Holding... 36.0 < 60
STRAT DEBUG: Tick 1700000241.0 | Pos: PE | Avg: -2.50 | LastSig: 1700000204.0
STRAT DEBUG: Holding... 37.0 < 60
STRAT DEBUG: Tick 1700000242.0 | Pos: PE | Avg: -2.50 | LastSig: 1700000204.0
STRAT DEBUG: Holding... 38.0 < 60
STRAT DEBUG: Tick 1700000243.0 | Pos: PE | Avg: -2.50 | LastSig: 1700000204.0
STRAT DEBUG: Holding... 39.0 < 60
STRAT DEBUG: Tick 1700000244.0 | Pos: PE | Avg: -2.50 | LastSig: 1700000204.0
STRAT DEBUG: Holding... 40.0 < 60
STRAT DEBUG: Tick 1700000245.0 | Pos: PE | Avg: -2.50 | LastSig: 1700000204.0
STRAT DEBUG: Holding... 41.0 < 60
STRAT DEBUG: Tick 1700000246.0 | Pos: PE | Avg: -2.50 | LastSig: 1700000204.0
STRAT DEBUG: Holding... 42.0 < 60
STRAT DEBUG: Tick 1700000247.0 | Pos: PE | Avg: -2.50 | LastSig: 1700000204.0
STRAT DEBUG: Holding... 43.0 < 60
STRAT DEBUG: Tick 1700000248.0 | Pos: PE | Avg: -2.50 | LastSig: 1700000204.0
STRAT DEBUG: Holding... 44.0 < 60
STRAT DEBUG: Tick 1700000249.0 | Pos: PE | Avg: -2.50 | LastSig: 1700000204.0
STRAT DEBUG: Holding... 45.0 < 60
STRAT DEBUG: Tick 1700000250.0 | Pos: PE | Avg: -2.50 | LastSig: 1700000204.0
STRAT DEBUG: Holding... 46.0 < 60
STRAT DEBUG: Tick 1700000251.0 | Pos: PE | Avg: -2.50 | LastSig: 1700000204.0
STRAT DEBUG: Holding... 47.0 < 60
STRAT DEBUG: Tick 1700000252.0 | Pos: PE | Avg: -2.50 | LastSig: 1700000204.0
STRAT DEBUG: Holding... 48.0 < 60
STRAT DEBUG: Tick 1700000253.0 | Pos: PE | Avg: -2.50 | LastSig: 1700000204.0
STRAT DEBUG: Holding... 49.0 < 60
STRAT DEBUG: Tick 1700000254.0 | Pos: PE | Avg: -2.50 | LastSig: 1700000204.0
STRAT DEBUG: Holding... 50.0 < 60
STRAT DEBUG: Tick 1700000255.0 | Pos: PE | Avg: -2.50 | LastSig: 1700000204.0
STRAT DEBUG: Holding... 51.0 < 60
STRAT DEBUG: Tick 1700000256.0 | Pos: PE | Avg: -2.50 | LastSig: 1700000204.0
STRAT DEBUG: Holding... 52.0 < 60
STRAT DEBUG: Tick 1700000257.0 | Pos: PE | Avg: -2.50 | LastSig: 1700000204.0
STRAT DEBUG: Holding... 53.0 < 60
STRAT DEBUG: Tick 1700000258.0 | Pos: PE | Avg: -2.50 | LastSig: 1700000204.0
STRAT DEBUG: Holding... 54.0 < 60
STRAT DEBUG: Tick 1700000259.0 | Pos: PE | Avg: -2.50 | LastSig: 1700000204.0
STRAT DEBUG: Holding... 55.0 < 60
STRAT DEBUG: Tick 1700000260.0 | Pos: PE | Avg: -2.50 | LastSig: 1700000204.0
STRAT DEBUG: Holding... 56.0 < 60
STRAT DEBUG: Tick 1700000261.0 | Pos: PE | Avg: -2.50 | LastSig: 1700000204.0
STRAT DEBUG: Holding... 57.0 < 60
STRAT DEBUG: Tick 1700000262.0 | Pos: PE | Avg: -2.50 | LastSig: 1700000204.0
STRAT DEBUG: Holding... 58.0 < 60
STRAT DEBUG: Tick 1700000263.0 | Pos: PE | Avg: -2.50 | LastSig: 1700000204.0
STRAT DEBUG: Holding... 59.0 < 60
STRAT DEBUG: Tick 1700000264.0 | Pos: PE | Avg: -2.50 | LastSig: 1700000204.0
STRAT DEBUG: Tick 1700000265.0 | Pos: PE | Avg: -2.50 | LastSig: 1700000204.0
STRAT DEBUG: Tick 1700000266.0 | Pos: PE | Avg: -2.50 | LastSig: 1700000204.0
STRAT DEBUG: Tick 1700000267.0 | Pos: PE | Avg: -2.50 | LastSig: 1700000204.0
STRAT DEBUG: Tick 1700000268.0 | Pos: PE | Avg: -2.50 | LastSig: 1700000204.0
STRAT DEBUG: Tick 1700000269.0 | Pos: PE | Avg: -2.50 | LastSig: 1700000204.0
STRAT DEBUG: Tick 1700000270.0 | Pos: PE | Avg: -2.30 | LastSig: 1700000204.0
STRAT DEBUG: Tick 1700000271.0 | Pos: PE | Avg: -2.10 | LastSig: 1700000204.0
STRAT DEBUG: Tick 1700000272.0 | Pos: PE | Avg: -1.90 | LastSig: 1700000204.0
STRAT DEBUG: Tick 1700000273.0 | Pos: PE | Avg: -1.70 | LastSig: 1700000204.0
STRAT DEBUG: Tick 1700000274.0 | Pos: PE | Avg: -1.50 | LastSig: 1700000204.0
STRAT DEBUG: Tick 1700000275.0 | Pos: PE | Avg: -1.50 | LastSig: 1700000204.0
STRAT DEBUG: Tick 1700000276.0 | Pos: PE | Avg: -1.50 | LastSig: 1700000204.0
STRAT DEBUG: Tick 1700000277.0 | Pos: PE | Avg: -1.50 | LastSig: 1700000204.0
STRAT DEBUG: Tick 1700000278.0 | Pos: PE | Avg: -1.40 | LastSig: 1700000204.0
STRAT DEBUG: Tick 1700000279.0 | Pos: PE | Avg: -1.30 | LastSig: 1700000204.0
STRAT DEBUG: Tick 1700000280.0 | Pos: PE | Avg: -1.20 | LastSig: 1700000204.0
STRAT DEBUG: Tick 1700000281.0 | Pos: PE | Avg: -1.10 | LastSig: 1700000204.0
STRAT DEBUG: Tick 1700000282.0 | Pos: PE | Avg: -1.00 | LastSig: 1700000204.0
STRAT DEBUG: Tick 1700000283.0 | Pos: PE | Avg: -1.00 | LastSig: 1700000204.0
STRAT DEBUG: Tick 1700000284.0 | Pos: PE | Avg: -1.00 | LastSig: 1700000204.0
STRAT DEBUG: Tick 1700000285.0 | Pos: PE | Avg: -1.00 | LastSig: 1700000204.0
STRAT DEBUG: Tick 1700000286.0 | Pos: PE | Avg: -1.00 | LastSig: 1700000204.0
STRAT DEBUG: Tick 1700000287.0 | Pos: PE | Avg: -1.00 | LastSig: 1700000204.0
STRAT DEBUG: Tick 1700000288.0 | Pos: PE | Avg: -1.00 | LastSig: 1700000204.0
STRAT DEBUG: Tick 1700000289.0 | Pos: PE | Avg: -1.00 | LastSig: 1700000204.0
STRAT DEBUG: Tick 1700000290.0 | Pos: PE | Avg: -1.00 | LastSig: 1700000204.0
STRAT DEBUG: Tick 1700000291.0 | Pos: PE | Avg: -1.00 | LastSig: 1700000204.0
STRAT DEBUG: Tick 1700000292.0 | Pos: PE | Avg: -1.00 | LastSig: 1700000204.0
STRAT DEBUG: Tick 1700000293.0 | Pos: PE | Avg: -0.90 | LastSig: 1700000204.0
STRAT DEBUG: Tick 1700000294.0 | Pos: PE | Avg: -0.80 | LastSig: 1700000204.0
STRAT DEBUG: Tick 1700000295.0 | Pos: PE | Avg: -0.70 | LastSig: 1700000204.0
STRAT DEBUG: Tick 1700000296.0 | Pos: PE | Avg: -0.60 | LastSig: 1700000204.0
STRAT DEBUG: Tick 1700000297.0 | Pos: PE | Avg: -0.50 | LastSig: 1700000204.0
STRAT DEBUG: Tick 1700000298.0 | Pos: PE | Avg: -0.50 | LastSig: 1700000204.0
STRAT DEBUG: Tick 1700000299.0 | Pos: PE | Avg: -0.50 | LastSig: 1700000204.0
STRAT DEBUG: Tick 1700000300.0 | Pos: PE | Avg: -0.50 | LastSig: 1700000204.0
DEBUG: Tick 300 | Price: 48000.00 | Avg Score: -0.50 | Pos: PaperTrade(entry_time='2026-01-05T18:48:50.597944', entry_price=47909.52, entry_strike=0, option_type='PE', quantity=15, entry_reason='[MAIN] BUY_PE', exit_time=None, exit_price=None, pnl=None, status='OPEN')
DEBUG: PM Positions: {('BANKNIFTY28JAN26C48000', 'I'): {'net_qty': 0, 'avg_price': 0.0, 'realized_pnl': 62.39999999994325, 'unrealized_pnl': 0.0, 'entry_time': '18:48:50'}, ('BANKNIFTY28JAN26P47900', 'I'): {'net_qty': 15, 'avg_price': 47909.52, 'realized_pnl': 0.0, 'unrealized_pnl': 0.0, 'entry_time': '18:48:50'}}
STRAT DEBUG: Tick 1700000301.0 | Pos: PE | Avg: -0.30 | LastSig: 1700000204.0
STRAT DEBUG: Tick 1700000302.0 | Pos: None | Avg: -0.10 | LastSig: 1700000301.0
STRAT DEBUG: Holding... 1.0 < 60
STRAT DEBUG: Tick 1700000303.0 | Pos: None | Avg: 0.10 | LastSig: 1700000301.0
STRAT DEBUG: Holding... 2.0 < 60
STRAT DEBUG: Tick 1700000304.0 | Pos: None | Avg: 0.30 | LastSig: 1700000301.0
STRAT DEBUG: Holding... 3.0 < 60
STRAT DEBUG: Tick 1700000305.0 | Pos: None | Avg: 0.50 | LastSig: 1700000301.0
STRAT DEBUG: Holding... 4.0 < 60
STRAT DEBUG: Tick 1700000306.0 | Pos: None | Avg: 0.50 | LastSig: 1700000301.0
STRAT DEBUG: Holding... 5.0 < 60
STRAT DEBUG: Tick 1700000307.0 | Pos: None | Avg: 0.50 | LastSig: 1700000301.0
STRAT DEBUG: Holding... 6.0 < 60
STRAT DEBUG: Tick 1700000308.0 | Pos: None | Avg: 1.20 | LastSig: 1700000301.0
STRAT DEBUG: Holding... 7.0 < 60
STRAT DEBUG: Tick 1700000309.0 | Pos: None | Avg: 1.90 | LastSig: 1700000301.0
STRAT DEBUG: Holding... 8.0 < 60
STRAT DEBUG: Tick 1700000310.0 | Pos: None | Avg: 2.60 | LastSig: 1700000301.0
STRAT DEBUG: Holding... 9.0 < 60
STRAT DEBUG: Tick 1700000311.0 | Pos: None | Avg: 3.30 | LastSig: 1700000301.0
STRAT DEBUG: Holding... 10.0 < 60
STRAT DEBUG: Tick 1700000312.0 | Pos: None | Avg: 4.00 | LastSig: 1700000301.0
STRAT DEBUG: Holding... 11.0 < 60
STRAT DEBUG: Tick 1700000313.0 | Pos: None | Avg: 4.00 | LastSig: 1700000301.0
STRAT DEBUG: Holding... 12.0 < 60
STRAT DEBUG: Tick 1700000314.0 | Pos: None | Avg: 4.00 | LastSig: 1700000301.0
STRAT DEBUG: Holding... 13.0 < 60
STRAT DEBUG: Tick 1700000315.0 | Pos: None | Avg: 4.00 | LastSig: 1700000301.0
STRAT DEBUG: Holding... 14.0 < 60
STRAT DEBUG: Tick 1700000316.0 | Pos: None | Avg: 4.00 | LastSig: 1700000301.0
STRAT DEBUG: Holding... 15.0 < 60
STRAT DEBUG: Tick 1700000317.0 | Pos: None | Avg: 4.00 | LastSig: 1700000301.0
STRAT DEBUG: Holding... 16.0 < 60
STRAT DEBUG: Tick 1700000318.0 | Pos: None | Avg: 4.00 | LastSig: 1700000301.0
STRAT DEBUG: Holding... 17.0 < 60
STRAT DEBUG: Tick 1700000319.0 | Pos: None | Avg: 4.00 | LastSig: 1700000301.0
STRAT DEBUG: Holding... 18.0 < 60
STRAT DEBUG: Tick 1700000320.0 | Pos: None | Avg: 4.00 | LastSig: 1700000301.0
STRAT DEBUG: Holding... 19.0 < 60
STRAT DEBUG: Tick 1700000321.0 | Pos: None | Avg: 4.00 | LastSig: 1700000301.0
STRAT DEBUG: Holding... 20.0 < 60
STRAT DEBUG: Tick 1700000322.0 | Pos: None | Avg: 4.00 | LastSig: 1700000301.0
STRAT DEBUG: Holding... 21.0 < 60
STRAT DEBUG: Tick 1700000323.0 | Pos: None | Avg: 4.00 | LastSig: 1700000301.0
STRAT DEBUG: Holding... 22.0 < 60
STRAT DEBUG: Tick 1700000324.0 | Pos: None | Avg: 4.00 | LastSig: 1700000301.0
STRAT DEBUG: Holding... 23.0 < 60
STRAT DEBUG: Tick 1700000325.0 | Pos: None | Avg: 4.00 | LastSig: 1700000301.0
STRAT DEBUG: Holding... 24.0 < 60
STRAT DEBUG: Tick 1700000326.0 | Pos: None | Avg: 4.00 | LastSig: 1700000301.0
STRAT DEBUG: Holding... 25.0 < 60
STRAT DEBUG: Tick 1700000327.0 | Pos: None | Avg: 4.00 | LastSig: 1700000301.0
STRAT DEBUG: Holding... 26.0 < 60
STRAT DEBUG: Tick 1700000328.0 | Pos: None | Avg: 4.00 | LastSig: 1700000301.0
STRAT DEBUG: Holding... 27.0 < 60
STRAT DEBUG: Tick 1700000329.0 | Pos: None | Avg: 4.00 | LastSig: 1700000301.0
STRAT DEBUG: Holding... 28.0 < 60
STRAT DEBUG: Tick 1700000330.0 | Pos: None | Avg: 4.00 | LastSig: 1700000301.0
STRAT DEBUG: Holding... 29.0 < 60
STRAT DEBUG: Tick 1700000331.0 | Pos: None | Avg: 4.00 | LastSig: 1700000301.0
STRAT DEBUG: Holding... 30.0 < 60
STRAT DEBUG: Tick 1700000332.0 | Pos: None | Avg: 4.00 | LastSig: 1700000301.0
STRAT DEBUG: Holding... 31.0 < 60
STRAT DEBUG: Tick 1700000333.0 | Pos: None | Avg: 4.00 | LastSig: 1700000301.0
STRAT DEBUG: Holding... 32.0 < 60
STRAT DEBUG: Tick 1700000334.0 | Pos: None | Avg: 4.00 | LastSig: 1700000301.0
STRAT DEBUG: Holding... 33.0 < 60
STRAT DEBUG: Tick 1700000335.0 | Pos: None | Avg: 4.00 | LastSig: 1700000301.0
STRAT DEBUG: Holding... 34.0 < 60
STRAT DEBUG: Tick 1700000336.0 | Pos: None | Avg: 4.00 | LastSig: 1700000301.0
STRAT DEBUG: Holding... 35.0 < 60
STRAT DEBUG: Tick 1700000337.0 | Pos: None | Avg: 4.00 | LastSig: 1700000301.0
STRAT DEBUG: Holding... 36.0 < 60
STRAT DEBUG: Tick 1700000338.0 | Pos: None | Avg: 4.00 | LastSig: 1700000301.0
STRAT DEBUG: Holding... 37.0 < 60
STRAT DEBUG: Tick 1700000339.0 | Pos: None | Avg: 4.00 | LastSig: 1700000301.0
STRAT DEBUG: Holding... 38.0 < 60
STRAT DEBUG: Tick 1700000340.0 | Pos: None | Avg: 4.00 | LastSig: 1700000301.0
STRAT DEBUG: Holding... 39.0 < 60
STRAT DEBUG: Tick 1700000341.0 | Pos: None | Avg: 4.00 | LastSig: 1700000301.0
STRAT DEBUG: Holding... 40.0 < 60
STRAT DEBUG: Tick 1700000342.0 | Pos: None | Avg: 4.00 | LastSig: 1700000301.0
STRAT DEBUG: Holding... 41.0 < 60
STRAT DEBUG: Tick 1700000343.0 | Pos: None | Avg: 4.00 | LastSig: 1700000301.0
STRAT DEBUG: Holding... 42.0 < 60
STRAT DEBUG: Tick 1700000344.0 | Pos: None | Avg: 4.00 | LastSig: 1700000301.0
STRAT DEBUG: Holding... 43.0 < 60
STRAT DEBUG: Tick 1700000345.0 | Pos: None | Avg: 4.00 | LastSig: 1700000301.0
STRAT DEBUG: Holding... 44.0 < 60
STRAT DEBUG: Tick 1700000346.0 | Pos: None | Avg: 4.00 | LastSig: 1700000301.0
STRAT DEBUG: Holding... 45.0 < 60
STRAT DEBUG: Tick 1700000347.0 | Pos: None | Avg: 4.00 | LastSig: 1700000301.0
STRAT DEBUG: Holding... 46.0 < 60
STRAT DEBUG: Tick 1700000348.0 | Pos: None | Avg: 4.00 | LastSig: 1700000301.0
STRAT DEBUG: Holding... 47.0 < 60
STRAT DEBUG: Tick 1700000349.0 | Pos: None | Avg: 4.00 | LastSig: 1700000301.0
STRAT DEBUG: Holding... 48.0 < 60
STRAT DEBUG: Tick 1700000350.0 | Pos: None | Avg: 4.00 | LastSig: 1700000301.0
STRAT DEBUG: Holding... 49.0 < 60
STRAT DEBUG: Tick 1700000351.0 | Pos: None | Avg: 4.00 | LastSig: 1700000301.0
STRAT DEBUG: Holding... 50.0 < 60
STRAT DEBUG: Tick 1700000352.0 | Pos: None | Avg: 4.00 | LastSig: 1700000301.0
STRAT DEBUG: Holding... 51.0 < 60
STRAT DEBUG: Tick 1700000353.0 | Pos: None | Avg: 4.00 | LastSig: 1700000301.0
STRAT DEBUG: Holding... 52.0 < 60
STRAT DEBUG: Tick 1700000354.0 | Pos: None | Avg: 4.00 | LastSig: 1700000301.0
STRAT DEBUG: Holding... 53.0 < 60
STRAT DEBUG: Tick 1700000355.0 | Pos: None | Avg: 4.00 | LastSig: 1700000301.0
STRAT DEBUG: Holding... 54.0 < 60
STRAT DEBUG: Tick 1700000356.0 | Pos: None | Avg: 4.00 | LastSig: 1700000301.0
STRAT DEBUG: Holding... 55.0 < 60
STRAT DEBUG: Tick 1700000357.0 | Pos: None | Avg: 4.00 | LastSig: 1700000301.0
STRAT DEBUG: Holding... 56.0 < 60
STRAT DEBUG: Tick 1700000358.0 | Pos: None | Avg: 4.00 | LastSig: 1700000301.0
STRAT DEBUG: Holding... 57.0 < 60
STRAT DEBUG: Tick 1700000359.0 | Pos: None | Avg: 4.00 | LastSig: 1700000301.0
STRAT DEBUG: Holding... 58.0 < 60
STRAT DEBUG: Tick 1700000360.0 | Pos: None | Avg: 4.00 | LastSig: 1700000301.0
STRAT DEBUG: Holding... 59.0 < 60
STRAT DEBUG: Tick 1700000361.0 | Pos: None | Avg: 4.00 | LastSig: 1700000301.0
STRAT DEBUG: Tick 1700000362.0 | Pos: CE | Avg: 3.70 | LastSig: 1700000361.0
STRAT DEBUG: Holding... 1.0 < 60
STRAT DEBUG: Tick 1700000363.0 | Pos: CE | Avg: 3.40 | LastSig: 1700000361.0
STRAT DEBUG: Holding... 2.0 < 60
STRAT DEBUG: Tick 1700000364.0 | Pos: CE | Avg: 3.10 | LastSig: 1700000361.0
STRAT DEBUG: Holding... 3.0 < 60
STRAT DEBUG: Tick 1700000365.0 | Pos: CE | Avg: 2.80 | LastSig: 1700000361.0
STRAT DEBUG: Holding... 4.0 < 60
STRAT DEBUG: Tick 1700000366.0 | Pos: CE | Avg: 2.50 | LastSig: 1700000361.0
STRAT DEBUG: Holding... 5.0 < 60
STRAT DEBUG: Tick 1700000367.0 | Pos: CE | Avg: 2.50 | LastSig: 1700000361.0
STRAT DEBUG: Holding... 6.0 < 60
STRAT DEBUG: Tick 1700000368.0 | Pos: CE | Avg: 2.50 | LastSig: 1700000361.0
STRAT DEBUG: Holding... 7.0 < 60
STRAT DEBUG: Tick 1700000369.0 | Pos: CE | Avg: 2.50 | LastSig: 1700000361.0
STRAT DEBUG: Holding... 8.0 < 60
STRAT DEBUG: Tick 1700000370.0 | Pos: CE | Avg: 2.50 | LastSig: 1700000361.0
STRAT DEBUG: Holding... 9.0 < 60
STRAT DEBUG: Tick 1700000371.0 | Pos: CE | Avg: 2.50 | LastSig: 1700000361.0
STRAT DEBUG: Holding... 10.0 < 60
STRAT DEBUG: Tick 1700000372.0 | Pos: CE | Avg: 2.50 | LastSig: 1700000361.0
STRAT DEBUG: Holding... 11.0 < 60
STRAT DEBUG: Tick 1700000373.0 | Pos: CE | Avg: 2.50 | LastSig: 1700000361.0
STRAT DEBUG: Holding... 12.0 < 60
STRAT DEBUG: Tick 1700000374.0 | Pos: CE | Avg: 2.50 | LastSig: 1700000361.0
STRAT DEBUG: Holding... 13.0 < 60
STRAT DEBUG: Tick 1700000375.0 | Pos: CE | Avg: 2.50 | LastSig: 1700000361.0
STRAT DEBUG: Holding... 14.0 < 60
STRAT DEBUG: Tick 1700000376.0 | Pos: CE | Avg: 2.50 | LastSig: 1700000361.0
STRAT DEBUG: Holding... 15.0 < 60
STRAT DEBUG: Tick 1700000377.0 | Pos: CE | Avg: 2.50 | LastSig: 1700000361.0
STRAT DEBUG: Holding... 16.0 < 60
STRAT DEBUG: Tick 1700000378.0 | Pos: CE | Avg: 2.50 | LastSig: 1700000361.0
STRAT DEBUG: Holding... 17.0 < 60
STRAT DEBUG: Tick 1700000379.0 | Pos: CE | Avg: 2.50 | LastSig: 1700000361.0
STRAT DEBUG: Holding... 18.0 < 60
STRAT DEBUG: Tick 1700000380.0 | Pos: CE | Avg: 2.50 | LastSig: 1700000361.0
STRAT DEBUG: Holding... 19.0 < 60
STRAT DEBUG: Tick 1700000381.0 | Pos: CE | Avg: 2.50 | LastSig: 1700000361.0
STRAT DEBUG: Holding... 20.0 < 60
STRAT DEBUG: Tick 1700000382.0 | Pos: CE | Avg: 2.50 | LastSig: 1700000361.0
STRAT DEBUG: Holding... 21.0 < 60
STRAT DEBUG: Tick 1700000383.0 | Pos: CE | Avg: 2.50 | LastSig: 1700000361.0
STRAT DEBUG: Holding... 22.0 < 60
STRAT DEBUG: Tick 1700000384.0 | Pos: CE | Avg: 2.50 | LastSig: 1700000361.0
STRAT DEBUG: Holding... 23.0 < 60
STRAT DEBUG: Tick 1700000385.0 | Pos: CE | Avg: 2.50 | LastSig: 1700000361.0
STRAT DEBUG: Holding... 24.0 < 60
STRAT DEBUG: Tick 1700000386.0 | Pos: CE | Avg: 2.50 | LastSig: 1700000361.0
STRAT DEBUG: Holding... 25.0 < 60
STRAT DEBUG: Tick 1700000387.0 | Pos: CE | Avg: 2.50 | LastSig: 1700000361.0
STRAT DEBUG: Holding... 26.0 < 60
STRAT DEBUG: Tick 1700000388.0 | Pos: CE | Avg: 2.50 | LastSig: 1700000361.0
STRAT DEBUG: Holding... 27.0 < 60
STRAT DEBUG: Tick 1700000389.0 | Pos: CE | Avg: 2.50 | LastSig: 1700000361.0
STRAT DEBUG: Holding... 28.0 < 60
STRAT DEBUG: Tick 1700000390.0 | Pos: CE | Avg: 2.50 | LastSig: 1700000361.0
STRAT DEBUG: Holding... 29.0 < 60
STRAT DEBUG: Tick 1700000391.0 | Pos: CE | Avg: 2.50 | LastSig: 1700000361.0
STRAT DEBUG: Holding... 30.0 < 60
STRAT DEBUG: Tick 1700000392.0 | Pos: CE | Avg: 2.50 | LastSig: 1700000361.0
STRAT DEBUG: Holding... 31.0 < 60
STRAT DEBUG: Tick 1700000393.0 | Pos: CE | Avg: 2.50 | LastSig: 1700000361.0
STRAT DEBUG: Holding... 32.0 < 60
STRAT DEBUG: Tick 1700000394.0 | Pos: CE | Avg: 2.50 | LastSig: 1700000361.0
STRAT DEBUG: Holding... 33.0 < 60
STRAT DEBUG: Tick 1700000395.0 | Pos: CE | Avg: 2.50 | LastSig: 1700000361.0
STRAT DEBUG: Holding... 34.0 < 60
STRAT DEBUG: Tick 1700000396.0 | Pos: CE | Avg: 2.50 | LastSig: 1700000361.0
STRAT DEBUG: Holding... 35.0 < 60
STRAT DEBUG: Tick 1700000397.0 | Pos: CE | Avg: 2.50 | LastSig: 1700000361.0
STRAT DEBUG: Holding... 36.0 < 60
STRAT DEBUG: Tick 1700000398.0 | Pos: CE | Avg: 2.50 | LastSig: 1700000361.0
STRAT DEBUG: Holding... 37.0 < 60
STRAT DEBUG: Tick 1700000399.0 | Pos: CE | Avg: 2.50 | LastSig: 1700000361.0
STRAT DEBUG: Holding... 38.0 < 60
STRAT DEBUG: Tick 1700000400.0 | Pos: CE | Avg: 2.50 | LastSig: 1700000361.0
STRAT DEBUG: Holding... 39.0 < 60
DEBUG: Tick 400 | Price: 48086.60 | Avg Score: 2.50 | Pos: PaperTrade(entry_time='2026-01-05T18:48:50.606184', entry_price=48095.73, entry_strike=0, option_type='CE', quantity=15, entry_reason='[MAIN] BUY_CE', exit_time=None, exit_price=None, pnl=None, status='OPEN')
DEBUG: PM Positions: {('BANKNIFTY28JAN26C48000', 'I'): {'net_qty': 0, 'avg_price': 0.0, 'realized_pnl': 62.39999999994325, 'unrealized_pnl': 0.0, 'entry_time': '18:48:50'}, ('BANKNIFTY28JAN26P47900', 'I'): {'net_qty': 0, 'avg_price': 0.0, 'realized_pnl': 1388.5499999999956, 'unrealized_pnl': 0.0, 'entry_time': '18:48:50'}, ('BANKNIFTY28JAN26C48100', 'I'): {'net_qty': 15, 'avg_price': 48095.73, 'realized_pnl': 0.0, 'unrealized_pnl': 0.0, 'entry_time': '18:48:50'}}
STRAT DEBUG: Tick 1700000401.0 | Pos: CE | Avg: 2.50 | LastSig: 1700000361.0
STRAT DEBUG: Holding... 40.0 < 60
STRAT DEBUG: Tick 1700000402.0 | Pos: CE | Avg: 2.50 | LastSig: 1700000361.0
STRAT DEBUG: Holding... 41.0 < 60
STRAT DEBUG: Tick 1700000403.0 | Pos: CE | Avg: 2.50 | LastSig: 1700000361.0
STRAT DEBUG: Holding... 42.0 < 60
STRAT DEBUG: Tick 1700000404.0 | Pos: CE | Avg: 2.50 | LastSig: 1700000361.0
STRAT DEBUG: Holding... 43.0 < 60
STRAT DEBUG: Tick 1700000405.0 | Pos: CE | Avg: 2.50 | LastSig: 1700000361.0
STRAT DEBUG: Holding... 44.0 < 60
STRAT DEBUG: Tick 1700000406.0 | Pos: CE | Avg: 2.50 | LastSig: 1700000361.0
STRAT DEBUG: Holding... 45.0 < 60
STRAT DEBUG: Tick 1700000407.0 | Pos: CE | Avg: 2.50 | LastSig: 1700000361.0
STRAT DEBUG: Holding... 46.0 < 60
STRAT DEBUG: Tick 1700000408.0 | Pos: CE | Avg: 2.50 | LastSig: 1700000361.0
STRAT DEBUG: Holding... 47.0 < 60
STRAT DEBUG: Tick 1700000409.0 | Pos: CE | Avg: 2.50 | LastSig: 1700000361.0
STRAT DEBUG: Holding... 48.0 < 60
STRAT DEBUG: Tick 1700000410.0 | Pos: CE | Avg: 2.50 | LastSig: 1700000361.0
STRAT DEBUG: Holding... 49.0 < 60
STRAT DEBUG: Tick 1700000411.0 | Pos: CE | Avg: 2.50 | LastSig: 1700000361.0
STRAT DEBUG: Holding... 50.0 < 60
STRAT DEBUG: Tick 1700000412.0 | Pos: CE | Avg: 2.50 | LastSig: 1700000361.0
STRAT DEBUG: Holding... 51.0 < 60
STRAT DEBUG: Tick 1700000413.0 | Pos: CE | Avg: 2.50 | LastSig: 1700000361.0
STRAT DEBUG: Holding... 52.0 < 60
STRAT DEBUG: Tick 1700000414.0 | Pos: CE | Avg: 2.50 | LastSig: 1700000361.0
STRAT DEBUG: Holding... 53.0 < 60
STRAT DEBUG: Tick 1700000415.0 | Pos: CE | Avg: 2.50 | LastSig: 1700000361.0
STRAT DEBUG: Holding... 54.0 < 60
STRAT DEBUG: Tick 1700000416.0 | Pos: CE | Avg: 2.50 | LastSig: 1700000361.0
STRAT DEBUG: Holding... 55.0 < 60
STRAT DEBUG: Tick 1700000417.0 | Pos: CE | Avg: 2.50 | LastSig: 1700000361.0
STRAT DEBUG: Holding... 56.0 < 60
STRAT DEBUG: Tick 1700000418.0 | Pos: CE | Avg: 2.50 | LastSig: 1700000361.0
STRAT DEBUG: Holding... 57.0 < 60
STRAT DEBUG: Tick 1700000419.0 | Pos: CE | Avg: 2.50 | LastSig: 1700000361.0
STRAT DEBUG: Holding... 58.0 < 60
STRAT DEBUG: Tick 1700000420.0 | Pos: CE | Avg: 2.30 | LastSig: 1700000361.0
STRAT DEBUG: Holding... 59.0 < 60
STRAT DEBUG: Tick 1700000421.0 | Pos: CE | Avg: 2.10 | LastSig: 1700000361.0
STRAT DEBUG: Tick 1700000422.0 | Pos: CE | Avg: 1.90 | LastSig: 1700000361.0
STRAT DEBUG: Tick 1700000423.0 | Pos: CE | Avg: 1.70 | LastSig: 1700000361.0
STRAT DEBUG: Tick 1700000424.0 | Pos: CE | Avg: 1.50 | LastSig: 1700000361.0
STRAT DEBUG: Tick 1700000425.0 | Pos: CE | Avg: 1.50 | LastSig: 1700000361.0
STRAT DEBUG: Tick 1700000426.0 | Pos: CE | Avg: 1.50 | LastSig: 1700000361.0
STRAT DEBUG: Tick 1700000427.0 | Pos: CE | Avg: 1.50 | LastSig: 1700000361.0
STRAT DEBUG: Tick 1700000428.0 | Pos: CE | Avg: 1.40 | LastSig: 1700000361.0
STRAT DEBUG: Tick 1700000429.0 | Pos: CE | Avg: 1.30 | LastSig: 1700000361.0
STRAT DEBUG: Tick 1700000430.0 | Pos: CE | Avg: 1.20 | LastSig: 1700000361.0
STRAT DEBUG: Tick 1700000431.0 | Pos: CE | Avg: 1.10 | LastSig: 1700000361.0
STRAT DEBUG: Tick 1700000432.0 | Pos: CE | Avg: 1.00 | LastSig: 1700000361.0
STRAT DEBUG: Tick 1700000433.0 | Pos: CE | Avg: 1.00 | LastSig: 1700000361.0
STRAT DEBUG: Tick 1700000434.0 | Pos: CE | Avg: 1.00 | LastSig: 1700000361.0
STRAT DEBUG: Tick 1700000435.0 | Pos: CE | Avg: 1.00 | LastSig: 1700000361.0
STRAT DEBUG: Tick 1700000436.0 | Pos: CE | Avg: 1.00 | LastSig: 1700000361.0
STRAT DEBUG: Tick 1700000437.0 | Pos: CE | Avg: 1.00 | LastSig: 1700000361.0
STRAT DEBUG: Tick 1700000438.0 | Pos: CE | Avg: 1.00 | LastSig: 1700000361.0
STRAT DEBUG: Tick 1700000439.0 | Pos: CE | Avg: 1.00 | LastSig: 1700000361.0
STRAT DEBUG: Tick 1700000440.0 | Pos: CE | Avg: 1.00 | LastSig: 1700000361.0
STRAT DEBUG: Tick 1700000441.0 | Pos: CE | Avg: 1.00 | LastSig: 1700000361.0
STRAT DEBUG: Tick 1700000442.0 | Pos: CE | Avg: 1.00 | LastSig: 1700000361.0
STRAT DEBUG: Tick 1700000443.0 | Pos: CE | Avg: 0.50 | LastSig: 1700000361.0
STRAT DEBUG: Tick 1700000444.0 | Pos: CE | Avg: 0.00 | LastSig: 1700000361.0
STRAT DEBUG: Tick 1700000445.0 | Pos: None | Avg: -0.80 | LastSig: 1700000444.0
STRAT DEBUG: Holding... 1.0 < 60
STRAT DEBUG: Tick 1700000446.0 | Pos: None | Avg: -1.60 | LastSig: 1700000444.0
STRAT DEBUG: Holding... 2.0 < 60
STRAT DEBUG: Tick 1700000447.0 | Pos: None | Avg: -2.40 | LastSig: 1700000444.0
STRAT DEBUG: Holding... 3.0 < 60
STRAT DEBUG: Tick 1700000448.0 | Pos: None | Avg: -2.70 | LastSig: 1700000444.0
STRAT DEBUG: Holding... 4.0 < 60
STRAT DEBUG: Tick 1700000449.0 | Pos: None | Avg: -3.00 | LastSig: 1700000444.0
STRAT DEBUG: Holding... 5.0 < 60
STRAT DEBUG: Tick 1700000450.0 | Pos: None | Avg: -3.00 | LastSig: 1700000444.0
STRAT DEBUG: Holding... 6.0 < 60
STRAT DEBUG: Tick 1700000451.0 | Pos: None | Avg: -3.20 | LastSig: 1700000444.0
STRAT DEBUG: Holding... 7.0 < 60
STRAT DEBUG: Tick 1700000452.0 | Pos: None | Avg: -3.40 | LastSig: 1700000444.0
STRAT DEBUG: Holding... 8.0 < 60
STRAT DEBUG: Tick 1700000453.0 | Pos: None | Avg: -3.60 | LastSig: 1700000444.0
STRAT DEBUG: Holding... 9.0 < 60
STRAT DEBUG: Tick 1700000454.0 | Pos: None | Avg: -3.80 | LastSig: 1700000444.0
STRAT DEBUG: Holding... 10.0 < 60
STRAT DEBUG: Tick 1700000455.0 | Pos: None | Avg: -4.00 | LastSig: 1700000444.0
STRAT DEBUG: Holding... 11.0 < 60
STRAT DEBUG: Tick 1700000456.0 | Pos: None | Avg: -4.00 | LastSig: 1700000444.0
STRAT DEBUG: Holding... 12.0 < 60
STRAT DEBUG: Tick 1700000457.0 | Pos: None | Avg: -4.00 | LastSig: 1700000444.0
STRAT DEBUG: Holding... 13.0 < 60
STRAT DEBUG: Tick 1700000458.0 | Pos: None | Avg: -4.00 | LastSig: 1700000444.0
STRAT DEBUG: Holding... 14.0 < 60
STRAT DEBUG: Tick 1700000459.0 | Pos: None | Avg: -4.00 | LastSig: 1700000444.0
STRAT DEBUG: Holding... 15.0 < 60
STRAT DEBUG: Tick 1700000460.0 | Pos: None | Avg: -4.00 | LastSig: 1700000444.0
STRAT DEBUG: Holding... 16.0 < 60
STRAT DEBUG: Tick 1700000461.0 | Pos: None | Avg: -4.00 | LastSig: 1700000444.0
STRAT DEBUG: Holding... 17.0 < 60
STRAT DEBUG: Tick 1700000462.0 | Pos: None | Avg: -4.00 | LastSig: 1700000444.0
STRAT DEBUG: Holding... 18.0 < 60
STRAT DEBUG: Tick 1700000463.0 | Pos: None | Avg: -4.00 | LastSig: 1700000444.0
STRAT DEBUG: Holding... 19.0 < 60
STRAT DEBUG: Tick 1700000464.0 | Pos: None | Avg: -4.00 | LastSig: 1700000444.0
STRAT DEBUG: Holding... 20.0 < 60
STRAT DEBUG: Tick 1700000465.0 | Pos: None | Avg: -4.00 | LastSig: 1700000444.0
STRAT DEBUG: Holding... 21.0 < 60
STRAT DEBUG: Tick 1700000466.0 | Pos: None | Avg: -4.00 | LastSig: 1700000444.0
STRAT DEBUG: Holding... 22.0 < 60
STRAT DEBUG: Tick 1700000467.0 | Pos: None | Avg: -4.00 | LastSig: 1700000444.0
STRAT DEBUG: Holding... 23.0 < 60
STRAT DEBUG: Tick 1700000468.0 | Pos: None | Avg: -4.00 | LastSig: 1700000444.0
STRAT DEBUG: Holding... 24.0 < 60
STRAT DEBUG: Tick 1700000469.0 | Pos: None | Avg: -4.00 | LastSig: 1700000444.0
STRAT DEBUG: Holding... 25.0 < 60
STRAT DEBUG: Tick 1700000470.0 | Pos: None | Avg: -4.00 | LastSig: 1700000444.0
STRAT DEBUG: Holding... 26.0 < 60
STRAT DEBUG: Tick 1700000471.0 | Pos: None | Avg: -4.00 | LastSig: 1700000444.0
STRAT DEBUG: Holding... 27.0 < 60
STRAT DEBUG: Tick 1700000472.0 | Pos: None | Avg: -4.00 | LastSig: 1700000444.0
STRAT DEBUG: Holding... 28.0 < 60
STRAT DEBUG: Tick 1700000473.0 | Pos: None | Avg: -4.00 | LastSig: 1700000444.0
STRAT DEBUG: Holding... 29.0 < 60
STRAT DEBUG: Tick 1700000474.0 | Pos: None | Avg: -4.00 | LastSig: 1700000444.0
STRAT DEBUG: Holding... 30.0 < 60
STRAT DEBUG: Tick 1700000475.0 | Pos: None | Avg: -4.00 | LastSig: 1700000444.0
STRAT DEBUG: Holding... 31.0 < 60
STRAT DEBUG: Tick 1700000476.0 | Pos: None | Avg: -4.00 | LastSig: 1700000444.0
STRAT DEBUG: Holding... 32.0 < 60
STRAT DEBUG: Tick 1700000477.0 | Pos: None | Avg: -4.00 | LastSig: 1700000444.0
STRAT DEBUG: Holding... 33.0 < 60
STRAT DEBUG: Tick 1700000478.0 | Pos: None | Avg: -4.00 | LastSig: 1700000444.0
STRAT DEBUG: Holding... 34.0 < 60
STRAT DEBUG: Tick 1700000479.0 | Pos: None | Avg: -4.00 | LastSig: 1700000444.0
STRAT DEBUG: Holding... 35.0 < 60
STRAT DEBUG: Tick 1700000480.0 | Pos: None | Avg: -4.00 | LastSig: 1700000444.0
STRAT DEBUG: Holding... 36.0 < 60
STRAT DEBUG: Tick 1700000481.0 | Pos: None | Avg: -4.00 | LastSig: 1700000444.0
STRAT DEBUG: Holding... 37.0 < 60
STRAT DEBUG: Tick 1700000482.0 | Pos: None | Avg: -4.00 | LastSig: 1700000444.0
STRAT DEBUG: Holding... 38.0 < 60
STRAT DEBUG: Tick 1700000483.0 | Pos: None | Avg: -4.00 | LastSig: 1700000444.0
STRAT DEBUG: Holding... 39.0 < 60
STRAT DEBUG: Tick 1700000484.0 | Pos: None | Avg: -4.00 | LastSig: 1700000444.0
STRAT DEBUG: Holding... 40.0 < 60
STRAT DEBUG: Tick 1700000485.0 | Pos: None | Avg: -4.00 | LastSig: 1700000444.0
STRAT DEBUG: Holding... 41.0 < 60
STRAT DEBUG: Tick 1700000486.0 | Pos: None | Avg: -4.00 | LastSig: 1700000444.0
STRAT DEBUG: Holding... 42.0 < 60
STRAT DEBUG: Tick 1700000487.0 | Pos: None | Avg: -4.00 | LastSig: 1700000444.0
STRAT DEBUG: Holding... 43.0 < 60
STRAT DEBUG: Tick 1700000488.0 | Pos: None | Avg: -4.00 | LastSig: 1700000444.0
STRAT DEBUG: Holding... 44.0 < 60
STRAT DEBUG: Tick 1700000489.0 | Pos: None | Avg: -4.00 | LastSig: 1700000444.0
STRAT DEBUG: Holding... 45.0 < 60
STRAT DEBUG: Tick 1700000490.0 | Pos: None | Avg: -4.00 | LastSig: 1700000444.0
STRAT DEBUG: Holding... 46.0 < 60
STRAT DEBUG: Tick 1700000491.0 | Pos: None | Avg: -4.00 | LastSig: 1700000444.0
STRAT DEBUG: Holding... 47.0 < 60
STRAT DEBUG: Tick 1700000492.0 | Pos: None | Avg: -4.00 | LastSig: 1700000444.0
STRAT DEBUG: Holding... 48.0 < 60
STRAT DEBUG: Tick 1700000493.0 | Pos: None | Avg: -4.00 | LastSig: 1700000444.0
STRAT DEBUG: Holding... 49.0 < 60
STRAT DEBUG: Tick 1700000494.0 | Pos: None | Avg: -4.00 | LastSig: 1700000444.0
STRAT DEBUG: Holding... 50.0 < 60
STRAT DEBUG: Tick 1700000495.0 | Pos: None | Avg: -4.00 | LastSig: 1700000444.0
STRAT DEBUG: Holding... 51.0 < 60
STRAT DEBUG: Tick 1700000496.0 | Pos: None | Avg: -4.00 | LastSig: 1700000444.0
STRAT DEBUG: Holding... 52.0 < 60
STRAT DEBUG: Tick 1700000497.0 | Pos: None | Avg: -4.00 | LastSig: 1700000444.0
STRAT DEBUG: Holding... 53.0 < 60
STRAT DEBUG: Tick 1700000498.0 | Pos: None | Avg: -4.00 | LastSig: 1700000444.0
STRAT DEBUG: Holding... 54.0 < 60
STRAT DEBUG: Tick 1700000499.0 | Pos: None | Avg: -4.00 | LastSig: 1700000444.0
STRAT DEBUG: Holding... 55.0 < 60
STRAT DEBUG: Tick 1700000500.0 | Pos: None | Avg: -4.00 | LastSig: 1700000444.0
STRAT DEBUG: Holding... 56.0 < 60
DEBUG: Tick 500 | Price: 47913.40 | Avg Score: -4.00 | Pos: None
DEBUG: PM Positions: {('BANKNIFTY28JAN26C48000', 'I'): {'net_qty': 0, 'avg_price': 0.0, 'realized_pnl': 62.39999999994325, 'unrealized_pnl': 0.0, 'entry_time': '18:48:50'}, ('BANKNIFTY28JAN26P47900', 'I'): {'net_qty': 0, 'avg_price': 0.0, 'realized_pnl': 1388.5499999999956, 'unrealized_pnl': 0.0, 'entry_time': '18:48:50'}, ('BANKNIFTY28JAN26C48100', 'I'): {'net_qty': 0, 'avg_price': 0.0, 'realized_pnl': -1248.0000000000655, 'unrealized_pnl': 0.0, 'entry_time': '18:48:50'}}
STRAT DEBUG: Tick 1700000501.0 | Pos: None | Avg: -4.00 | LastSig: 1700000444.0
STRAT DEBUG: Holding... 57.0 < 60
STRAT DEBUG: Tick 1700000502.0 | Pos: None | Avg: -4.00 | LastSig: 1700000444.0
STRAT DEBUG: Holding... 58.0 < 60
STRAT DEBUG: Tick 1700000503.0 | Pos: None | Avg: -4.00 | LastSig: 1700000444.0
STRAT DEBUG: Holding... 59.0 < 60
STRAT DEBUG: Tick 1700000504.0 | Pos: None | Avg: -4.00 | LastSig: 1700000444.0
STRAT DEBUG: Tick 1700000505.0 | Pos: PE | Avg: -3.70 | LastSig: 1700000504.0
STRAT DEBUG: Holding... 1.0 < 60
STRAT DEBUG: Tick 1700000506.0 | Pos: PE | Avg: -3.40 | LastSig: 1700000504.0
STRAT DEBUG: Holding... 2.0 < 60
STRAT DEBUG: Tick 1700000507.0 | Pos: PE | Avg: -3.10 | LastSig: 1700000504.0
STRAT DEBUG: Holding... 3.0 < 60
STRAT DEBUG: Tick 1700000508.0 | Pos: PE | Avg: -2.80 | LastSig: 1700000504.0
STRAT DEBUG: Holding... 4.0 < 60
STRAT DEBUG: Tick 1700000509.0 | Pos: PE | Avg: -2.50 | LastSig: 1700000504.0
STRAT DEBUG: Holding... 5.0 < 60
STRAT DEBUG: Tick 1700000510.0 | Pos: PE | Avg: -2.50 | LastSig: 1700000504.0
STRAT DEBUG: Holding... 6.0 < 60
STRAT DEBUG: Tick 1700000511.0 | Pos: PE | Avg: -2.50 | LastSig: 1700000504.0
STRAT DEBUG: Holding... 7.0 < 60
STRAT DEBUG: Tick 1700000512.0 | Pos: PE | Avg: -2.50 | LastSig: 1700000504.0
STRAT DEBUG: Holding... 8.0 < 60
STRAT DEBUG: Tick 1700000513.0 | Pos: PE | Avg: -2.50 | LastSig: 1700000504.0
STRAT DEBUG: Holding... 9.0 < 60
STRAT DEBUG: Tick 1700000514.0 | Pos: PE | Avg: -2.50 | LastSig: 1700000504.0
STRAT DEBUG: Holding... 10.0 < 60
STRAT DEBUG: Tick 1700000515.0 | Pos: PE | Avg: -2.50 | LastSig: 1700000504.0
STRAT DEBUG: Holding... 11.0 < 60
STRAT DEBUG: Tick 1700000516.0 | Pos: PE | Avg: -2.50 | LastSig: 1700000504.0
STRAT DEBUG: Holding... 12.0 < 60
STRAT DEBUG: Tick 1700000517.0 | Pos: PE | Avg: -2.50 | LastSig: 1700000504.0
STRAT DEBUG: Holding... 13.0 < 60
STRAT DEBUG: Tick 1700000518.0 | Pos: PE | Avg: -2.50 | LastSig: 1700000504.0
STRAT DEBUG: Holding... 14.0 < 60
STRAT DEBUG: Tick 1700000519.0 | Pos: PE | Avg: -2.50 | LastSig: 1700000504.0
STRAT DEBUG: Holding... 15.0 < 60
STRAT DEBUG: Tick 1700000520.0 | Pos: PE | Avg: -2.50 | LastSig: 1700000504.0
STRAT DEBUG: Holding... 16.0 < 60
STRAT DEBUG: Tick 1700000521.0 | Pos: PE | Avg: -2.50 | LastSig: 1700000504.0
STRAT DEBUG: Holding... 17.0 < 60
STRAT DEBUG: Tick 1700000522.0 | Pos: PE | Avg: -2.50 | LastSig: 1700000504.0
STRAT DEBUG: Holding... 18.0 < 60
STRAT DEBUG: Tick 1700000523.0 | Pos: PE | Avg: -2.50 | LastSig: 1700000504.0
STRAT DEBUG: Holding... 19.0 < 60
STRAT DEBUG: Tick 1700000524.0 | Pos: PE | Avg: -2.50 | LastSig: 1700000504.0
STRAT DEBUG: Holding... 20.0 < 60
STRAT DEBUG: Tick 1700000525.0 | Pos: PE | Avg: -2.50 | LastSig: 1700000504.0
STRAT DEBUG: Holding... 21.0 < 60
STRAT DEBUG: Tick 1700000526.0 | Pos: PE | Avg: -2.50 | LastSig: 1700000504.0
STRAT DEBUG: Holding... 22.0 < 60
STRAT DEBUG: Tick 1700000527.0 | Pos: PE | Avg: -2.50 | LastSig: 1700000504.0
STRAT DEBUG: Holding... 23.0 < 60
STRAT DEBUG: Tick 1700000528.0 | Pos: PE | Avg: -2.50 | LastSig: 1700000504.0
STRAT DEBUG: Holding... 24.0 < 60
STRAT DEBUG: Tick 1700000529.0 | Pos: PE | Avg: -2.50 | LastSig: 1700000504.0
STRAT DEBUG: Holding... 25.0 < 60
STRAT DEBUG: Tick 1700000530.0 | Pos: PE | Avg: -2.50 | LastSig: 1700000504.0
STRAT DEBUG: Holding... 26.0 < 60
STRAT DEBUG: Tick 1700000531.0 | Pos: PE | Avg: -2.50 | LastSig: 1700000504.0
STRAT DEBUG: Holding... 27.0 < 60
STRAT DEBUG: Tick 1700000532.0 | Pos: PE | Avg: -2.50 | LastSig: 1700000504.0
STRAT DEBUG: Holding... 28.0 < 60
STRAT DEBUG: Tick 1700000533.0 | Pos: PE | Avg: -2.50 | LastSig: 1700000504.0
STRAT DEBUG: Holding... 29.0 < 60
STRAT DEBUG: Tick 1700000534.0 | Pos: PE | Avg: -2.50 | LastSig: 1700000504.0
STRAT DEBUG: Holding... 30.0 < 60
STRAT DEBUG: Tick 1700000535.0 | Pos: PE | Avg: -2.50 | LastSig: 1700000504.0
STRAT DEBUG: Holding... 31.0 < 60
STRAT DEBUG: Tick 1700000536.0 | Pos: PE | Avg: -2.50 | LastSig: 1700000504.0
STRAT DEBUG: Holding... 32.0 < 60
STRAT DEBUG: Tick 1700000537.0 | Pos: PE | Avg: -2.50 | LastSig: 1700000504.0
STRAT DEBUG: Holding... 33.0 < 60
STRAT DEBUG: Tick 1700000538.0 | Pos: PE | Avg: -2.50 | LastSig: 1700000504.0
STRAT DEBUG: Holding... 34.0 < 60
STRAT DEBUG: Tick 1700000539.0 | Pos: PE | Avg: -2.50 | LastSig: 1700000504.0
STRAT DEBUG: Holding... 35.0 < 60
STRAT DEBUG: Tick 1700000540.0 | Pos: PE | Avg: -2.50 | LastSig: 1700000504.0
STRAT DEBUG: Holding... 36.0 < 60
STRAT DEBUG: Tick 1700000541.0 | Pos: PE | Avg: -2.50 | LastSig: 1700000504.0
STRAT DEBUG: Holding... 37.0 < 60
STRAT DEBUG: Tick 1700000542.0 | Pos: PE | Avg: -2.50 | LastSig: 1700000504.0
STRAT DEBUG: Holding... 38.0 < 60
STRAT DEBUG: Tick 1700000543.0 | Pos: PE | Avg: -2.50 | LastSig: 1700000504.0
STRAT DEBUG: Holding... 39.0 < 60
STRAT DEBUG: Tick 1700000544.0 | Pos: PE | Avg: -2.50 | LastSig: 1700000504.0
STRAT DEBUG: Holding... 40.0 < 60
STRAT DEBUG: Tick 1700000545.0 | Pos: PE | Avg: -2.50 | LastSig: 1700000504.0
STRAT DEBUG: Holding... 41.0 < 60
STRAT DEBUG: Tick 1700000546.0 | Pos: PE | Avg: -2.50 | LastSig: 1700000504.0
STRAT DEBUG: Holding... 42.0 < 60
STRAT DEBUG: Tick 1700000547.0 | Pos: PE | Avg: -2.50 | LastSig: 1700000504.0
STRAT DEBUG: Holding... 43.0 < 60
STRAT DEBUG: Tick 1700000548.0 | Pos: PE | Avg: -2.50 | LastSig: 1700000504.0
STRAT DEBUG: Holding... 44.0 < 60
STRAT DEBUG: Tick 1700000549.0 | Pos: PE | Avg: -2.50 | LastSig: 1700000504.0
STRAT DEBUG: Holding... 45.0 < 60
STRAT DEBUG: Tick 1700000550.0 | Pos: PE | Avg: -2.50 | LastSig: 1700000504.0
STRAT DEBUG: Holding... 46.0 < 60
STRAT DEBUG: Tick 1700000551.0 | Pos: PE | Avg: -2.50 | LastSig: 1700000504.0
STRAT DEBUG: Holding... 47.0 < 60
STRAT DEBUG: Tick 1700000552.0 | Pos: PE | Avg: -2.50 | LastSig: 1700000504.0
STRAT DEBUG: Holding... 48.0 < 60
STRAT DEBUG: Tick 1700000553.0 | Pos: PE | Avg: -2.50 | LastSig: 1700000504.0
STRAT DEBUG: Holding... 49.0 < 60
STRAT DEBUG: Tick 1700000554.0 | Pos: PE | Avg: -2.50 | LastSig: 1700000504.0
STRAT DEBUG: Holding... 50.0 < 60
STRAT DEBUG: Tick 1700000555.0 | Pos: PE | Avg: -2.50 | LastSig: 1700000504.0
STRAT DEBUG: Holding... 51.0 < 60
STRAT DEBUG: Tick 1700000556.0 | Pos: PE | Avg: -2.50 | LastSig: 1700000504.0
STRAT DEBUG: Holding... 52.0 < 60
STRAT DEBUG: Tick 1700000557.0 | Pos: PE | Avg: -2.50 | LastSig: 1700000504.0
STRAT DEBUG: Holding... 53.0 < 60
STRAT DEBUG: Tick 1700000558.0 | Pos: PE | Avg: -2.50 | LastSig: 1700000504.0
STRAT DEBUG: Holding... 54.0 < 60
STRAT DEBUG: Tick 1700000559.0 | Pos: PE | Avg: -2.50 | LastSig: 1700000504.0
STRAT DEBUG: Holding... 55.0 < 60
STRAT DEBUG: Tick 1700000560.0 | Pos: PE | Avg: -2.50 | LastSig: 1700000504.0
STRAT DEBUG: Holding... 56.0 < 60
STRAT DEBUG: Tick 1700000561.0 | Pos: PE | Avg: -2.50 | LastSig: 1700000504.0
STRAT DEBUG: Holding... 57.0 < 60
STRAT DEBUG: Tick 1700000562.0 | Pos: PE | Avg: -2.50 | LastSig: 1700000504.0
STRAT DEBUG: Holding... 58.0 < 60
STRAT DEBUG: Tick 1700000563.0 | Pos: PE | Avg: -2.50 | LastSig: 1700000504.0
STRAT DEBUG: Holding... 59.0 < 60
STRAT DEBUG: Tick 1700000564.0 | Pos: PE | Avg: -2.50 | LastSig: 1700000504.0
STRAT DEBUG: Tick 1700000565.0 | Pos: PE | Avg: -2.50 | LastSig: 1700000504.0
STRAT DEBUG: Tick 1700000566.0 | Pos: PE | Avg: -2.50 | LastSig: 1700000504.0
STRAT DEBUG: Tick 1700000567.0 | Pos: PE | Avg: -2.50 | LastSig: 1700000504.0
STRAT DEBUG: Tick 1700000568.0 | Pos: PE | Avg: -2.50 | LastSig: 1700000504.0
STRAT DEBUG: Tick 1700000569.0 | Pos: PE | Avg: -2.50 | LastSig: 1700000504.0
STRAT DEBUG: Tick 1700000570.0 | Pos: PE | Avg: -2.30 | LastSig: 1700000504.0
STRAT DEBUG: Tick 1700000571.0 | Pos: PE | Avg: -2.10 | LastSig: 1700000504.0
STRAT DEBUG: Tick 1700000572.0 | Pos: PE | Avg: -1.90 | LastSig: 1700000504.0
STRAT DEBUG: Tick 1700000573.0 | Pos: PE | Avg: -1.70 | LastSig: 1700000504.0
STRAT DEBUG: Tick 1700000574.0 | Pos: PE | Avg: -1.50 | LastSig: 1700000504.0
STRAT DEBUG: Tick 1700000575.0 | Pos: PE | Avg: -1.50 | LastSig: 1700000504.0
STRAT DEBUG: Tick 1700000576.0 | Pos: PE | Avg: -1.50 | LastSig: 1700000504.0
STRAT DEBUG: Tick 1700000577.0 | Pos: PE | Avg: -1.50 | LastSig: 1700000504.0
STRAT DEBUG: Tick 1700000578.0 | Pos: PE | Avg: -1.40 | LastSig: 1700000504.0
STRAT DEBUG: Tick 1700000579.0 | Pos: PE | Avg: -1.30 | LastSig: 1700000504.0
STRAT DEBUG: Tick 1700000580.0 | Pos: PE | Avg: -1.20 | LastSig: 1700000504.0
STRAT DEBUG: Tick 1700000581.0 | Pos: PE | Avg: -1.10 | LastSig: 1700000504.0
STRAT DEBUG: Tick 1700000582.0 | Pos: PE | Avg: -1.00 | LastSig: 1700000504.0
STRAT DEBUG: Tick 1700000583.0 | Pos: PE | Avg: -1.00 | LastSig: 1700000504.0
STRAT DEBUG: Tick 1700000584.0 | Pos: PE | Avg: -1.00 | LastSig: 1700000504.0
STRAT DEBUG: Tick 1700000585.0 | Pos: PE | Avg: -1.00 | LastSig: 1700000504.0
STRAT DEBUG: Tick 1700000586.0 | Pos: PE | Avg: -1.00 | LastSig: 1700000504.0
STRAT DEBUG: Tick 1700000587.0 | Pos: PE | Avg: -1.00 | LastSig: 1700000504.0
STRAT DEBUG: Tick 1700000588.0 | Pos: PE | Avg: -1.00 | LastSig: 1700000504.0
STRAT DEBUG: Tick 1700000589.0 | Pos: PE | Avg: -1.00 | LastSig: 1700000504.0
STRAT DEBUG: Tick 1700000590.0 | Pos: PE | Avg: -1.00 | LastSig: 1700000504.0
STRAT DEBUG: Tick 1700000591.0 | Pos: PE | Avg: -1.00 | LastSig: 1700000504.0
STRAT DEBUG: Tick 1700000592.0 | Pos: PE | Avg: -1.00 | LastSig: 1700000504.0
STRAT DEBUG: Tick 1700000593.0 | Pos: PE | Avg: -0.90 | LastSig: 1700000504.0
STRAT DEBUG: Tick 1700000594.0 | Pos: PE | Avg: -0.80 | LastSig: 1700000504.0
STRAT DEBUG: Tick 1700000595.0 | Pos: PE | Avg: -0.70 | LastSig: 1700000504.0
STRAT DEBUG: Tick 1700000596.0 | Pos: PE | Avg: -0.60 | LastSig: 1700000504.0
STRAT DEBUG: Tick 1700000597.0 | Pos: PE | Avg: -0.50 | LastSig: 1700000504.0
STRAT DEBUG: Tick 1700000598.0 | Pos: PE | Avg: -0.50 | LastSig: 1700000504.0
STRAT DEBUG: Tick 1700000599.0 | Pos: PE | Avg: -0.50 | LastSig: 1700000504.0
STRAT DEBUG: Tick 1700000600.0 | Pos: PE | Avg: -0.50 | LastSig: 1700000504.0
DEBUG: Tick 600 | Price: 48000.00 | Avg Score: -0.50 | Pos: PaperTrade(entry_time='2026-01-05T18:48:50.614117', entry_price=47909.52, entry_strike=0, option_type='PE', quantity=15, entry_reason='[MAIN] BUY_PE', exit_time=None, exit_price=None, pnl=None, status='OPEN')
DEBUG: PM Positions: {('BANKNIFTY28JAN26C48000', 'I'): {'net_qty': 0, 'avg_price': 0.0, 'realized_pnl': 62.39999999994325, 'unrealized_pnl': 0.0, 'entry_time': '18:48:50'}, ('BANKNIFTY28JAN26P47900', 'I'): {'net_qty': 15, 'avg_price': 47909.52, 'realized_pnl': 1388.5499999999956, 'unrealized_pnl': 0.0, 'entry_time': '18:48:50'}, ('BANKNIFTY28JAN26C48100', 'I'): {'net_qty': 0, 'avg_price': 0.0, 'realized_pnl': -1248.0000000000655, 'unrealized_pnl': 0.0, 'entry_time': '18:48:50'}}
STRAT DEBUG: Tick 1700000601.0 | Pos: PE | Avg: -0.30 | LastSig: 1700000504.0
STRAT DEBUG: Tick 1700000602.0 | Pos: None | Avg: -0.10 | LastSig: 1700000601.0
STRAT DEBUG: Holding... 1.0 < 60
STRAT DEBUG: Tick 1700000603.0 | Pos: None | Avg: 0.10 | LastSig: 1700000601.0
STRAT DEBUG: Holding... 2.0 < 60
STRAT DEBUG: Tick 1700000604.0 | Pos: None | Avg: 0.30 | LastSig: 1700000601.0
STRAT DEBUG: Holding... 3.0 < 60
STRAT DEBUG: Tick 1700000605.0 | Pos: None | Avg: 0.50 | LastSig: 1700000601.0
STRAT DEBUG: Holding... 4.0 < 60
STRAT DEBUG: Tick 1700000606.0 | Pos: None | Avg: 0.50 | LastSig: 1700000601.0
STRAT DEBUG: Holding... 5.0 < 60
STRAT DEBUG: Tick 1700000607.0 | Pos: None | Avg: 0.50 | LastSig: 1700000601.0
STRAT DEBUG: Holding... 6.0 < 60
STRAT DEBUG: Tick 1700000608.0 | Pos: None | Avg: 1.20 | LastSig: 1700000601.0
STRAT DEBUG: Holding... 7.0 < 60
STRAT DEBUG: Tick 1700000609.0 | Pos: None | Avg: 1.90 | LastSig: 1700000601.0
STRAT DEBUG: Holding... 8.0 < 60
STRAT DEBUG: Tick 1700000610.0 | Pos: None | Avg: 2.60 | LastSig: 1700000601.0
STRAT DEBUG: Holding... 9.0 < 60
STRAT DEBUG: Tick 1700000611.0 | Pos: None | Avg: 3.30 | LastSig: 1700000601.0
STRAT DEBUG: Holding... 10.0 < 60
STRAT DEBUG: Tick 1700000612.0 | Pos: None | Avg: 4.00 | LastSig: 1700000601.0
STRAT DEBUG: Holding... 11.0 < 60
STRAT DEBUG: Tick 1700000613.0 | Pos: None | Avg: 4.00 | LastSig: 1700000601.0
STRAT DEBUG: Holding... 12.0 < 60
STRAT DEBUG: Tick 1700000614.0 | Pos: None | Avg: 4.00 | LastSig: 1700000601.0
STRAT DEBUG: Holding... 13.0 < 60
STRAT DEBUG: Tick 1700000615.0 | Pos: None | Avg: 4.00 | LastSig: 1700000601.0
STRAT DEBUG: Holding... 14.0 < 60
STRAT DEBUG: Tick 1700000616.0 | Pos: None | Avg: 4.00 | LastSig: 1700000601.0
STRAT DEBUG: Holding... 15.0 < 60
STRAT DEBUG: Tick 1700000617.0 | Pos: None | Avg: 4.00 | LastSig: 1700000601.0
STRAT DEBUG: Holding... 16.0 < 60
STRAT DEBUG: Tick 1700000618.0 | Pos: None | Avg: 4.00 | LastSig: 1700000601.0
STRAT DEBUG: Holding... 17.0 < 60
STRAT DEBUG: Tick 1700000619.0 | Pos: None | Avg: 4.00 | LastSig: 1700000601.0
STRAT DEBUG: Holding... 18.0 < 60
STRAT DEBUG: Tick 1700000620.0 | Pos: None | Avg: 4.00 | LastSig: 1700000601.0
STRAT DEBUG: Holding... 19.0 < 60
STRAT DEBUG: Tick 1700000621.0 | Pos: None | Avg: 4.00 | LastSig: 1700000601.0
STRAT DEBUG: Holding... 20.0 < 60
STRAT DEBUG: Tick 1700000622.0 | Pos: None | Avg: 4.00 | LastSig: 1700000601.0
STRAT DEBUG: Holding... 21.0 < 60
STRAT DEBUG: Tick 1700000623.0 | Pos: None | Avg: 4.00 | LastSig: 1700000601.0
STRAT DEBUG: Holding... 22.0 < 60
STRAT DEBUG: Tick 1700000624.0 | Pos: None | Avg: 4.00 | LastSig: 1700000601.0
STRAT DEBUG: Holding... 23.0 < 60
STRAT DEBUG: Tick 1700000625.0 | Pos: None | Avg: 4.00 | LastSig: 1700000601.0
STRAT DEBUG: Holding... 24.0 < 60
STRAT DEBUG: Tick 1700000626.0 | Pos: None | Avg: 4.00 | LastSig: 1700000601.0
STRAT DEBUG: Holding... 25.0 < 60
STRAT DEBUG: Tick 1700000627.0 | Pos: None | Avg: 4.00 | LastSig: 1700000601.0
STRAT DEBUG: Holding... 26.0 < 60
STRAT DEBUG: Tick 1700000628.0 | Pos: None | Avg: 4.00 | LastSig: 1700000601.0
STRAT DEBUG: Holding... 27.0 < 60
STRAT DEBUG: Tick 1700000629.0 | Pos: None | Avg: 4.00 | LastSig: 1700000601.0
STRAT DEBUG: Holding... 28.0 < 60
STRAT DEBUG: Tick 1700000630.0 | Pos: None | Avg: 4.00 | LastSig: 1700000601.0
STRAT DEBUG: Holding... 29.0 < 60
STRAT DEBUG: Tick 1700000631.0 | Pos: None | Avg: 4.00 | LastSig: 1700000601.0
STRAT DEBUG: Holding... 30.0 < 60
STRAT DEBUG: Tick 1700000632.0 | Pos: None | Avg: 4.00 | LastSig: 1700000601.0
STRAT DEBUG: Holding... 31.0 < 60
STRAT DEBUG: Tick 1700000633.0 | Pos: None | Avg: 4.00 | LastSig: 1700000601.0
STRAT DEBUG: Holding... 32.0 < 60
STRAT DEBUG: Tick 1700000634.0 | Pos: None | Avg: 4.00 | LastSig: 1700000601.0
STRAT DEBUG: Holding... 33.0 < 60
STRAT DEBUG: Tick 1700000635.0 | Pos: None | Avg: 4.00 | LastSig: 1700000601.0
STRAT DEBUG: Holding... 34.0 < 60
STRAT DEBUG: Tick 1700000636.0 | Pos: None | Avg: 4.00 | LastSig: 1700000601.0
STRAT DEBUG: Holding... 35.0 < 60
STRAT DEBUG: Tick 1700000637.0 | Pos: None | Avg: 4.00 | LastSig: 1700000601.0
STRAT DEBUG: Holding... 36.0 < 60
STRAT DEBUG: Tick 1700000638.0 | Pos: None | Avg: 4.00 | LastSig: 1700000601.0
STRAT DEBUG: Holding... 37.0 < 60
STRAT DEBUG: Tick 1700000639.0 | Pos: None | Avg: 4.00 | LastSig: 1700000601.0
STRAT DEBUG: Holding... 38.0 < 60
STRAT DEBUG: Tick 1700000640.0 | Pos: None | Avg: 4.00 | LastSig: 1700000601.0
STRAT DEBUG: Holding... 39.0 < 60
STRAT DEBUG: Tick 1700000641.0 | Pos: None | Avg: 4.00 | LastSig: 1700000601.0
STRAT DEBUG: Holding... 40.0 < 60
STRAT DEBUG: Tick 1700000642.0 | Pos: None | Avg: 4.00 | LastSig: 1700000601.0
STRAT DEBUG: Holding... 41.0 < 60
STRAT DEBUG: Tick 1700000643.0 | Pos: None | Avg: 4.00 | LastSig: 1700000601.0
STRAT DEBUG: Holding... 42.0 < 60
STRAT DEBUG: Tick 1700000644.0 | Pos: None | Avg: 4.00 | LastSig: 1700000601.0
STRAT DEBUG: Holding... 43.0 < 60
STRAT DEBUG: Tick 1700000645.0 | Pos: None | Avg: 4.00 | LastSig: 1700000601.0
STRAT DEBUG: Holding... 44.0 < 60
STRAT DEBUG: Tick 1700000646.0 | Pos: None | Avg: 4.00 | LastSig: 1700000601.0
STRAT DEBUG: Holding... 45.0 < 60
STRAT DEBUG: Tick 1700000647.0 | Pos: None | Avg: 4.00 | LastSig: 1700000601.0
STRAT DEBUG: Holding... 46.0 < 60
STRAT DEBUG: Tick 1700000648.0 | Pos: None | Avg: 4.00 | LastSig: 1700000601.0
STRAT DEBUG: Holding... 47.0 < 60
STRAT DEBUG: Tick 1700000649.0 | Pos: None | Avg: 4.00 | LastSig: 1700000601.0
STRAT DEBUG: Holding... 48.0 < 60
STRAT DEBUG: Tick 1700000650.0 | Pos: None | Avg: 4.00 | LastSig: 1700000601.0
STRAT DEBUG: Holding... 49.0 < 60
STRAT DEBUG: Tick 1700000651.0 | Pos: None | Avg: 4.00 | LastSig: 1700000601.0
STRAT DEBUG: Holding... 50.0 < 60
STRAT DEBUG: Tick 1700000652.0 | Pos: None | Avg: 4.00 | LastSig: 1700000601.0
STRAT DEBUG: Holding... 51.0 < 60
STRAT DEBUG: Tick 1700000653.0 | Pos: None | Avg: 4.00 | LastSig: 1700000601.0
STRAT DEBUG: Holding... 52.0 < 60
STRAT DEBUG: Tick 1700000654.0 | Pos: None | Avg: 4.00 | LastSig: 1700000601.0
STRAT DEBUG: Holding... 53.0 < 60
STRAT DEBUG: Tick 1700000655.0 | Pos: None | Avg: 4.00 | LastSig: 1700000601.0
STRAT DEBUG: Holding... 54.0 < 60
STRAT DEBUG: Tick 1700000656.0 | Pos: None | Avg: 4.00 | LastSig: 1700000601.0
STRAT DEBUG: Holding... 55.0 < 60
STRAT DEBUG: Tick 1700000657.0 | Pos: None | Avg: 4.00 | LastSig: 1700000601.0
STRAT DEBUG: Holding... 56.0 < 60
STRAT DEBUG: Tick 1700000658.0 | Pos: None | Avg: 4.00 | LastSig: 1700000601.0
STRAT DEBUG: Holding... 57.0 < 60
STRAT DEBUG: Tick 1700000659.0 | Pos: None | Avg: 4.00 | LastSig: 1700000601.0
STRAT DEBUG: Holding... 58.0 < 60
STRAT DEBUG: Tick 1700000660.0 | Pos: None | Avg: 4.00 | LastSig: 1700000601.0
STRAT DEBUG: Holding... 59.0 < 60
STRAT DEBUG: Tick 1700000661.0 | Pos: None | Avg: 4.00 | LastSig: 1700000601.0
STRAT DEBUG: Tick 1700000662.0 | Pos: CE | Avg: 3.70 | LastSig: 1700000661.0
STRAT DEBUG: Holding... 1.0 < 60
STRAT DEBUG: Tick 1700000663.0 | Pos: CE | Avg: 3.40 | LastSig: 1700000661.0
STRAT DEBUG: Holding... 2.0 < 60
STRAT DEBUG: Tick 1700000664.0 | Pos: CE | Avg: 3.10 | LastSig: 1700000661.0
STRAT DEBUG: Holding... 3.0 < 60
STRAT DEBUG: Tick 1700000665.0 | Pos: CE | Avg: 2.80 | LastSig: 1700000661.0
STRAT DEBUG: Holding... 4.0 < 60
STRAT DEBUG: Tick 1700000666.0 | Pos: CE | Avg: 2.50 | LastSig: 1700000661.0
STRAT DEBUG: Holding... 5.0 < 60
STRAT DEBUG: Tick 1700000667.0 | Pos: CE | Avg: 2.50 | LastSig: 1700000661.0
STRAT DEBUG: Holding... 6.0 < 60
STRAT DEBUG: Tick 1700000668.0 | Pos: CE | Avg: 2.50 | LastSig: 1700000661.0
STRAT DEBUG: Holding... 7.0 < 60
STRAT DEBUG: Tick 1700000669.0 | Pos: CE | Avg: 2.50 | LastSig: 1700000661.0
STRAT DEBUG: Holding... 8.0 < 60
STRAT DEBUG: Tick 1700000670.0 | Pos: CE | Avg: 2.50 | LastSig: 1700000661.0
STRAT DEBUG: Holding... 9.0 < 60
STRAT DEBUG: Tick 1700000671.0 | Pos: CE | Avg: 2.50 | LastSig: 1700000661.0
STRAT DEBUG: Holding... 10.0 < 60
STRAT DEBUG: Tick 1700000672.0 | Pos: CE | Avg: 2.50 | LastSig: 1700000661.0
STRAT DEBUG: Holding... 11.0 < 60
STRAT DEBUG: Tick 1700000673.0 | Pos: CE | Avg: 2.50 | LastSig: 1700000661.0
STRAT DEBUG: Holding... 12.0 < 60
STRAT DEBUG: Tick 1700000674.0 | Pos: CE | Avg: 2.50 | LastSig: 1700000661.0
STRAT DEBUG: Holding... 13.0 < 60
STRAT DEBUG: Tick 1700000675.0 | Pos: CE | Avg: 2.50 | LastSig: 1700000661.0
STRAT DEBUG: Holding... 14.0 < 60
STRAT DEBUG: Tick 1700000676.0 | Pos: CE | Avg: 2.50 | LastSig: 1700000661.0
STRAT DEBUG: Holding... 15.0 < 60
STRAT DEBUG: Tick 1700000677.0 | Pos: CE | Avg: 2.50 | LastSig: 1700000661.0
STRAT DEBUG: Holding... 16.0 < 60
STRAT DEBUG: Tick 1700000678.0 | Pos: CE | Avg: 2.50 | LastSig: 1700000661.0
STRAT DEBUG: Holding... 17.0 < 60
STRAT DEBUG: Tick 1700000679.0 | Pos: CE | Avg: 2.50 | LastSig: 1700000661.0
STRAT DEBUG: Holding... 18.0 < 60
STRAT DEBUG: Tick 1700000680.0 | Pos: CE | Avg: 2.50 | LastSig: 1700000661.0
STRAT DEBUG: Holding... 19.0 < 60
STRAT DEBUG: Tick 1700000681.0 | Pos: CE | Avg: 2.50 | LastSig: 1700000661.0
STRAT DEBUG: Holding... 20.0 < 60
STRAT DEBUG: Tick 1700000682.0 | Pos: CE | Avg: 2.50 | LastSig: 1700000661.0
STRAT DEBUG: Holding... 21.0 < 60
STRAT DEBUG: Tick 1700000683.0 | Pos: CE | Avg: 2.50 | LastSig: 1700000661.0
STRAT DEBUG: Holding... 22.0 < 60
STRAT DEBUG: Tick 1700000684.0 | Pos: CE | Avg: 2.50 | LastSig: 1700000661.0
STRAT DEBUG: Holding... 23.0 < 60
STRAT DEBUG: Tick 1700000685.0 | Pos: CE | Avg: 2.50 | LastSig: 1700000661.0
STRAT DEBUG: Holding... 24.0 < 60
STRAT DEBUG: Tick 1700000686.0 | Pos: CE | Avg: 2.50 | LastSig: 1700000661.0
STRAT DEBUG: Holding... 25.0 < 60
STRAT DEBUG: Tick 1700000687.0 | Pos: CE | Avg: 2.50 | LastSig: 1700000661.0
STRAT DEBUG: Holding... 26.0 < 60
STRAT DEBUG: Tick 1700000688.0 | Pos: CE | Avg: 2.50 | LastSig: 1700000661.0
STRAT DEBUG: Holding... 27.0 < 60
STRAT DEBUG: Tick 1700000689.0 | Pos: CE | Avg: 2.50 | LastSig: 1700000661.0
STRAT DEBUG: Holding... 28.0 < 60
STRAT DEBUG: Tick 1700000690.0 | Pos: CE | Avg: 2.50 | LastSig: 1700000661.0
STRAT DEBUG: Holding... 29.0 < 60
STRAT DEBUG: Tick 1700000691.0 | Pos: CE | Avg: 2.50 | LastSig: 1700000661.0
STRAT DEBUG: Holding... 30.0 < 60
STRAT DEBUG: Tick 1700000692.0 | Pos: CE | Avg: 2.50 | LastSig: 1700000661.0
STRAT DEBUG: Holding... 31.0 < 60
STRAT DEBUG: Tick 1700000693.0 | Pos: CE | Avg: 2.50 | LastSig: 1700000661.0
STRAT DEBUG: Holding... 32.0 < 60
STRAT DEBUG: Tick 1700000694.0 | Pos: CE | Avg: 2.50 | LastSig: 1700000661.0
STRAT DEBUG: Holding... 33.0 < 60
STRAT DEBUG: Tick 1700000695.0 | Pos: CE | Avg: 2.50 | LastSig: 1700000661.0
STRAT DEBUG: Holding... 34.0 < 60
STRAT DEBUG: Tick 1700000696.0 | Pos: CE | Avg: 2.50 | LastSig: 1700000661.0
STRAT DEBUG: Holding... 35.0 < 60
STRAT DEBUG: Tick 1700000697.0 | Pos: CE | Avg: 2.50 | LastSig: 1700000661.0
STRAT DEBUG: Holding... 36.0 < 60
STRAT DEBUG: Tick 1700000698.0 | Pos: CE | Avg: 2.50 | LastSig: 1700000661.0
STRAT DEBUG: Holding... 37.0 < 60
STRAT DEBUG: Tick 1700000699.0 | Pos: CE | Avg: 2.50 | LastSig: 1700000661.0
STRAT DEBUG: Holding... 38.0 < 60
STRAT DEBUG: Tick 1700000700.0 | Pos: CE | Avg: 2.50 | LastSig: 1700000661.0
STRAT DEBUG: Holding... 39.0 < 60
DEBUG: Tick 700 | Price: 48086.60 | Avg Score: 2.50 | Pos: PaperTrade(entry_time='2026-01-05T18:48:50.622666', entry_price=48095.73, entry_strike=0, option_type='CE', quantity=15, entry_reason='[MAIN] BUY_CE', exit_time=None, exit_price=None, pnl=None, status='OPEN')
DEBUG: PM Positions: {('BANKNIFTY28JAN26C48000', 'I'): {'net_qty': 0, 'avg_price': 0.0, 'realized_pnl': 62.39999999994325, 'unrealized_pnl': 0.0, 'entry_time': '18:48:50'}, ('BANKNIFTY28JAN26P47900', 'I'): {'net_qty': 0, 'avg_price': 0.0, 'realized_pnl': 2777.0999999999913, 'unrealized_pnl': 0.0, 'entry_time': '18:48:50'}, ('BANKNIFTY28JAN26C48100', 'I'): {'net_qty': 15, 'avg_price': 48095.73, 'realized_pnl': -1248.0000000000655, 'unrealized_pnl': 0.0, 'entry_time': '18:48:50'}}
STRAT DEBUG: Tick 1700000701.0 | Pos: CE | Avg: 2.50 | LastSig: 1700000661.0
STRAT DEBUG: Holding... 40.0 < 60
STRAT DEBUG: Tick 1700000702.0 | Pos: CE | Avg: 2.50 | LastSig: 1700000661.0
STRAT DEBUG: Holding... 41.0 < 60
STRAT DEBUG: Tick 1700000703.0 | Pos: CE | Avg: 2.50 | LastSig: 1700000661.0
STRAT DEBUG: Holding... 42.0 < 60
STRAT DEBUG: Tick 1700000704.0 | Pos: CE | Avg: 2.50 | LastSig: 1700000661.0
STRAT DEBUG: Holding... 43.0 < 60
STRAT DEBUG: Tick 1700000705.0 | Pos: CE | Avg: 2.50 | LastSig: 1700000661.0
STRAT DEBUG: Holding... 44.0 < 60
STRAT DEBUG: Tick 1700000706.0 | Pos: CE | Avg: 2.50 | LastSig: 1700000661.0
STRAT DEBUG: Holding... 45.0 < 60
STRAT DEBUG: Tick 1700000707.0 | Pos: CE | Avg: 2.50 | LastSig: 1700000661.0
STRAT DEBUG: Holding... 46.0 < 60
STRAT DEBUG: Tick 1700000708.0 | Pos: CE | Avg: 2.50 | LastSig: 1700000661.0
STRAT DEBUG: Holding... 47.0 < 60
STRAT DEBUG: Tick 1700000709.0 | Pos: CE | Avg: 2.50 | LastSig: 1700000661.0
STRAT DEBUG: Holding... 48.0 < 60
STRAT DEBUG: Tick 1700000710.0 | Pos: CE | Avg: 2.50 | LastSig: 1700000661.0
STRAT DEBUG: Holding... 49.0 < 60
STRAT DEBUG: Tick 1700000711.0 | Pos: CE | Avg: 2.50 | LastSig: 1700000661.0
STRAT DEBUG: Holding... 50.0 < 60
STRAT DEBUG: Tick 1700000712.0 | Pos: CE | Avg: 2.50 | LastSig: 1700000661.0
STRAT DEBUG: Holding... 51.0 < 60
STRAT DEBUG: Tick 1700000713.0 | Pos: CE | Avg: 2.50 | LastSig: 1700000661.0
STRAT DEBUG: Holding... 52.0 < 60
STRAT DEBUG: Tick 1700000714.0 | Pos: CE | Avg: 2.50 | LastSig: 1700000661.0
STRAT DEBUG: Holding... 53.0 < 60
STRAT DEBUG: Tick 1700000715.0 | Pos: CE | Avg: 2.50 | LastSig: 1700000661.0
STRAT DEBUG: Holding... 54.0 < 60
STRAT DEBUG: Tick 1700000716.0 | Pos: CE | Avg: 2.50 | LastSig: 1700000661.0
STRAT DEBUG: Holding... 55.0 < 60
STRAT DEBUG: Tick 1700000717.0 | Pos: CE | Avg: 2.50 | LastSig: 1700000661.0
STRAT DEBUG: Holding... 56.0 < 60
STRAT DEBUG: Tick 1700000718.0 | Pos: CE | Avg: 2.50 | LastSig: 1700000661.0
STRAT DEBUG: Holding... 57.0 < 60
STRAT DEBUG: Tick 1700000719.0 | Pos: CE | Avg: 2.50 | LastSig: 1700000661.0
STRAT DEBUG: Holding... 58.0 < 60
STRAT DEBUG: Tick 1700000720.0 | Pos: CE | Avg: 2.30 | LastSig: 1700000661.0
STRAT DEBUG: Holding... 59.0 < 60
STRAT DEBUG: Tick 1700000721.0 | Pos: CE | Avg: 2.10 | LastSig: 1700000661.0
STRAT DEBUG: Tick 1700000722.0 | Pos: CE | Avg: 1.90 | LastSig: 1700000661.0
STRAT DEBUG: Tick 1700000723.0 | Pos: CE | Avg: 1.70 | LastSig: 1700000661.0
STRAT DEBUG: Tick 1700000724.0 | Pos: CE | Avg: 1.50 | LastSig: 1700000661.0
STRAT DEBUG: Tick 1700000725.0 | Pos: CE | Avg: 1.50 | LastSig: 1700000661.0
STRAT DEBUG: Tick 1700000726.0 | Pos: CE | Avg: 1.50 | LastSig: 1700000661.0
STRAT DEBUG: Tick 1700000727.0 | Pos: CE | Avg: 1.50 | LastSig: 1700000661.0
STRAT DEBUG: Tick 1700000728.0 | Pos: CE | Avg: 1.40 | LastSig: 1700000661.0
STRAT DEBUG: Tick 1700000729.0 | Pos: CE | Avg: 1.30 | LastSig: 1700000661.0
STRAT DEBUG: Tick 1700000730.0 | Pos: CE | Avg: 1.20 | LastSig: 1700000661.0
STRAT DEBUG: Tick 1700000731.0 | Pos: CE | Avg: 1.10 | LastSig: 1700000661.0
STRAT DEBUG: Tick 1700000732.0 | Pos: CE | Avg: 1.00 | LastSig: 1700000661.0
STRAT DEBUG: Tick 1700000733.0 | Pos: CE | Avg: 1.00 | LastSig: 1700000661.0
STRAT DEBUG: Tick 1700000734.0 | Pos: CE | Avg: 1.00 | LastSig: 1700000661.0
STRAT DEBUG: Tick 1700000735.0 | Pos: CE | Avg: 1.00 | LastSig: 1700000661.0
STRAT DEBUG: Tick 1700000736.0 | Pos: CE | Avg: 1.00 | LastSig: 1700000661.0
STRAT DEBUG: Tick 1700000737.0 | Pos: CE | Avg: 1.00 | LastSig: 1700000661.0
STRAT DEBUG: Tick 1700000738.0 | Pos: CE | Avg: 1.00 | LastSig: 1700000661.0
STRAT DEBUG: Tick 1700000739.0 | Pos: CE | Avg: 1.00 | LastSig: 1700000661.0
STRAT DEBUG: Tick 1700000740.0 | Pos: CE | Avg: 1.00 | LastSig: 1700000661.0
STRAT DEBUG: Tick 1700000741.0 | Pos: CE | Avg: 1.00 | LastSig: 1700000661.0
STRAT DEBUG: Tick 1700000742.0 | Pos: CE | Avg: 1.00 | LastSig: 1700000661.0
STRAT DEBUG: Tick 1700000743.0 | Pos: CE | Avg: 0.50 | LastSig: 1700000661.0
STRAT DEBUG: Tick 1700000744.0 | Pos: CE | Avg: 0.00 | LastSig: 1700000661.0
STRAT DEBUG: Tick 1700000745.0 | Pos: None | Avg: -0.80 | LastSig: 1700000744.0
STRAT DEBUG: Holding... 1.0 < 60
STRAT DEBUG: Tick 1700000746.0 | Pos: None | Avg: -1.60 | LastSig: 1700000744.0
STRAT DEBUG: Holding... 2.0 < 60
STRAT DEBUG: Tick 1700000747.0 | Pos: None | Avg: -2.40 | LastSig: 1700000744.0
STRAT DEBUG: Holding... 3.0 < 60
STRAT DEBUG: Tick 1700000748.0 | Pos: None | Avg: -2.70 | LastSig: 1700000744.0
STRAT DEBUG: Holding... 4.0 < 60
STRAT DEBUG: Tick 1700000749.0 | Pos: None | Avg: -3.00 | LastSig: 1700000744.0
STRAT DEBUG: Holding... 5.0 < 60
STRAT DEBUG: Tick 1700000750.0 | Pos: None | Avg: -3.00 | LastSig: 1700000744.0
STRAT DEBUG: Holding... 6.0 < 60
STRAT DEBUG: Tick 1700000751.0 | Pos: None | Avg: -3.20 | LastSig: 1700000744.0
STRAT DEBUG: Holding... 7.0 < 60
STRAT DEBUG: Tick 1700000752.0 | Pos: None | Avg: -3.40 | LastSig: 1700000744.0
STRAT DEBUG: Holding... 8.0 < 60
STRAT DEBUG: Tick 1700000753.0 | Pos: None | Avg: -3.60 | LastSig: 1700000744.0
STRAT DEBUG: Holding... 9.0 < 60
STRAT DEBUG: Tick 1700000754.0 | Pos: None | Avg: -3.80 | LastSig: 1700000744.0
STRAT DEBUG: Holding... 10.0 < 60
STRAT DEBUG: Tick 1700000755.0 | Pos: None | Avg: -4.00 | LastSig: 1700000744.0
STRAT DEBUG: Holding... 11.0 < 60
STRAT DEBUG: Tick 1700000756.0 | Pos: None | Avg: -4.00 | LastSig: 1700000744.0
STRAT DEBUG: Holding... 12.0 < 60
STRAT DEBUG: Tick 1700000757.0 | Pos: None | Avg: -4.00 | LastSig: 1700000744.0
STRAT DEBUG: Holding... 13.0 < 60
STRAT DEBUG: Tick 1700000758.0 | Pos: None | Avg: -4.00 | LastSig: 1700000744.0
STRAT DEBUG: Holding... 14.0 < 60
STRAT DEBUG: Tick 1700000759.0 | Pos: None | Avg: -4.00 | LastSig: 1700000744.0
STRAT DEBUG: Holding... 15.0 < 60
STRAT DEBUG: Tick 1700000760.0 | Pos: None | Avg: -4.00 | LastSig: 1700000744.0
STRAT DEBUG: Holding... 16.0 < 60
STRAT DEBUG: Tick 1700000761.0 | Pos: None | Avg: -4.00 | LastSig: 1700000744.0
STRAT DEBUG: Holding... 17.0 < 60
STRAT DEBUG: Tick 1700000762.0 | Pos: None | Avg: -4.00 | LastSig: 1700000744.0
STRAT DEBUG: Holding... 18.0 < 60
STRAT DEBUG: Tick 1700000763.0 | Pos: None | Avg: -4.00 | LastSig: 1700000744.0
STRAT DEBUG: Holding... 19.0 < 60
STRAT DEBUG: Tick 1700000764.0 | Pos: None | Avg: -4.00 | LastSig: 1700000744.0
STRAT DEBUG: Holding... 20.0 < 60
STRAT DEBUG: Tick 1700000765.0 | Pos: None | Avg: -4.00 | LastSig: 1700000744.0
STRAT DEBUG: Holding... 21.0 < 60
STRAT DEBUG: Tick 1700000766.0 | Pos: None | Avg: -4.00 | LastSig: 1700000744.0
STRAT DEBUG: Holding... 22.0 < 60
STRAT DEBUG: Tick 1700000767.0 | Pos: None | Avg: -4.00 | LastSig: 1700000744.0
STRAT DEBUG: Holding... 23.0 < 60
STRAT DEBUG: Tick 1700000768.0 | Pos: None | Avg: -4.00 | LastSig: 1700000744.0
STRAT DEBUG: Holding... 24.0 < 60
STRAT DEBUG: Tick 1700000769.0 | Pos: None | Avg: -4.00 | LastSig: 1700000744.0
STRAT DEBUG: Holding... 25.0 < 60
STRAT DEBUG: Tick 1700000770.0 | Pos: None | Avg: -4.00 | LastSig: 1700000744.0
STRAT DEBUG: Holding... 26.0 < 60
STRAT DEBUG: Tick 1700000771.0 | Pos: None | Avg: -4.00 | LastSig: 1700000744.0
STRAT DEBUG: Holding... 27.0 < 60
STRAT DEBUG: Tick 1700000772.0 | Pos: None | Avg: -4.00 | LastSig: 1700000744.0
STRAT DEBUG: Holding... 28.0 < 60
STRAT DEBUG: Tick 1700000773.0 | Pos: None | Avg: -4.00 | LastSig: 1700000744.0
STRAT DEBUG: Holding... 29.0 < 60
STRAT DEBUG: Tick 1700000774.0 | Pos: None | Avg: -4.00 | LastSig: 1700000744.0
STRAT DEBUG: Holding... 30.0 < 60
STRAT DEBUG: Tick 1700000775.0 | Pos: None | Avg: -4.00 | LastSig: 1700000744.0
STRAT DEBUG: Holding... 31.0 < 60
STRAT DEBUG: Tick 1700000776.0 | Pos: None | Avg: -4.00 | LastSig: 1700000744.0
STRAT DEBUG: Holding... 32.0 < 60
STRAT DEBUG: Tick 1700000777.0 | Pos: None | Avg: -4.00 | LastSig: 1700000744.0
STRAT DEBUG: Holding... 33.0 < 60
STRAT DEBUG: Tick 1700000778.0 | Pos: None | Avg: -4.00 | LastSig: 1700000744.0
STRAT DEBUG: Holding... 34.0 < 60
STRAT DEBUG: Tick 1700000779.0 | Pos: None | Avg: -4.00 | LastSig: 1700000744.0
STRAT DEBUG: Holding... 35.0 < 60
STRAT DEBUG: Tick 1700000780.0 | Pos: None | Avg: -4.00 | LastSig: 1700000744.0
STRAT DEBUG: Holding... 36.0 < 60
STRAT DEBUG: Tick 1700000781.0 | Pos: None | Avg: -4.00 | LastSig: 1700000744.0
STRAT DEBUG: Holding... 37.0 < 60
STRAT DEBUG: Tick 1700000782.0 | Pos: None | Avg: -4.00 | LastSig: 1700000744.0
STRAT DEBUG: Holding... 38.0 < 60
STRAT DEBUG: Tick 1700000783.0 | Pos: None | Avg: -4.00 | LastSig: 1700000744.0
STRAT DEBUG: Holding... 39.0 < 60
STRAT DEBUG: Tick 1700000784.0 | Pos: None | Avg: -4.00 | LastSig: 1700000744.0
STRAT DEBUG: Holding... 40.0 < 60
STRAT DEBUG: Tick 1700000785.0 | Pos: None | Avg: -4.00 | LastSig: 1700000744.0
STRAT DEBUG: Holding... 41.0 < 60
STRAT DEBUG: Tick 1700000786.0 | Pos: None | Avg: -4.00 | LastSig: 1700000744.0
STRAT DEBUG: Holding... 42.0 < 60
STRAT DEBUG: Tick 1700000787.0 | Pos: None | Avg: -4.00 | LastSig: 1700000744.0
STRAT DEBUG: Holding... 43.0 < 60
STRAT DEBUG: Tick 1700000788.0 | Pos: None | Avg: -4.00 | LastSig: 1700000744.0
STRAT DEBUG: Holding... 44.0 < 60
STRAT DEBUG: Tick 1700000789.0 | Pos: None | Avg: -4.00 | LastSig: 1700000744.0
STRAT DEBUG: Holding... 45.0 < 60
STRAT DEBUG: Tick 1700000790.0 | Pos: None | Avg: -4.00 | LastSig: 1700000744.0
STRAT DEBUG: Holding... 46.0 < 60
STRAT DEBUG: Tick 1700000791.0 | Pos: None | Avg: -4.00 | LastSig: 1700000744.0
STRAT DEBUG: Holding... 47.0 < 60
STRAT DEBUG: Tick 1700000792.0 | Pos: None | Avg: -4.00 | LastSig: 1700000744.0
STRAT DEBUG: Holding... 48.0 < 60
STRAT DEBUG: Tick 1700000793.0 | Pos: None | Avg: -4.00 | LastSig: 1700000744.0
STRAT DEBUG: Holding... 49.0 < 60
STRAT DEBUG: Tick 1700000794.0 | Pos: None | Avg: -4.00 | LastSig: 1700000744.0
STRAT DEBUG: Holding... 50.0 < 60
STRAT DEBUG: Tick 1700000795.0 | Pos: None | Avg: -4.00 | LastSig: 1700000744.0
STRAT DEBUG: Holding... 51.0 < 60
STRAT DEBUG: Tick 1700000796.0 | Pos: None | Avg: -4.00 | LastSig: 1700000744.0
STRAT DEBUG: Holding... 52.0 < 60
STRAT DEBUG: Tick 1700000797.0 | Pos: None | Avg: -4.00 | LastSig: 1700000744.0
STRAT DEBUG: Holding... 53.0 < 60
STRAT DEBUG: Tick 1700000798.0 | Pos: None | Avg: -4.00 | LastSig: 1700000744.0
STRAT DEBUG: Holding... 54.0 < 60
STRAT DEBUG: Tick 1700000799.0 | Pos: None | Avg: -4.00 | LastSig: 1700000744.0
STRAT DEBUG: Holding... 55.0 < 60
STRAT DEBUG: Tick 1700000800.0 | Pos: None | Avg: -4.00 | LastSig: 1700000744.0
STRAT DEBUG: Holding... 56.0 < 60
DEBUG: Tick 800 | Price: 47913.40 | Avg Score: -4.00 | Pos: None
DEBUG: PM Positions: {('BANKNIFTY28JAN26C48000', 'I'): {'net_qty': 0, 'avg_price': 0.0, 'realized_pnl': 62.39999999994325, 'unrealized_pnl': 0.0, 'entry_time': '18:48:50'}, ('BANKNIFTY28JAN26P47900', 'I'): {'net_qty': 0, 'avg_price': 0.0, 'realized_pnl': 2777.0999999999913, 'unrealized_pnl': 0.0, 'entry_time': '18:48:50'}, ('BANKNIFTY28JAN26C48100', 'I'): {'net_qty': 0, 'avg_price': 0.0, 'realized_pnl': -2496.000000000131, 'unrealized_pnl': 0.0, 'entry_time': '18:48:50'}}
STRAT DEBUG: Tick 1700000801.0 | Pos: None | Avg: -4.00 | LastSig: 1700000744.0
STRAT DEBUG: Holding... 57.0 < 60
STRAT DEBUG: Tick 1700000802.0 | Pos: None | Avg: -4.00 | LastSig: 1700000744.0
STRAT DEBUG: Holding... 58.0 < 60
STRAT DEBUG: Tick 1700000803.0 | Pos: None | Avg: -4.00 | LastSig: 1700000744.0
STRAT DEBUG: Holding... 59.0 < 60
STRAT DEBUG: Tick 1700000804.0 | Pos: None | Avg: -4.00 | LastSig: 1700000744.0
STRAT DEBUG: Tick 1700000805.0 | Pos: PE | Avg: -3.70 | LastSig: 1700000804.0
STRAT DEBUG: Holding... 1.0 < 60
STRAT DEBUG: Tick 1700000806.0 | Pos: PE | Avg: -3.40 | LastSig: 1700000804.0
STRAT DEBUG: Holding... 2.0 < 60
STRAT DEBUG: Tick 1700000807.0 | Pos: PE | Avg: -3.10 | LastSig: 1700000804.0
STRAT DEBUG: Holding... 3.0 < 60
STRAT DEBUG: Tick 1700000808.0 | Pos: PE | Avg: -2.80 | LastSig: 1700000804.0
STRAT DEBUG: Holding... 4.0 < 60
STRAT DEBUG: Tick 1700000809.0 | Pos: PE | Avg: -2.50 | LastSig: 1700000804.0
STRAT DEBUG: Holding... 5.0 < 60
STRAT DEBUG: Tick 1700000810.0 | Pos: PE | Avg: -2.50 | LastSig: 1700000804.0
STRAT DEBUG: Holding... 6.0 < 60
STRAT DEBUG: Tick 1700000811.0 | Pos: PE | Avg: -2.50 | LastSig: 1700000804.0
STRAT DEBUG: Holding... 7.0 < 60
STRAT DEBUG: Tick 1700000812.0 | Pos: PE | Avg: -2.50 | LastSig: 1700000804.0
STRAT DEBUG: Holding... 8.0 < 60
STRAT DEBUG: Tick 1700000813.0 | Pos: PE | Avg: -2.50 | LastSig: 1700000804.0
STRAT DEBUG: Holding... 9.0 < 60
STRAT DEBUG: Tick 1700000814.0 | Pos: PE | Avg: -2.50 | LastSig: 1700000804.0
STRAT DEBUG: Holding... 10.0 < 60
STRAT DEBUG: Tick 1700000815.0 | Pos: PE | Avg: -2.50 | LastSig: 1700000804.0
STRAT DEBUG: Holding... 11.0 < 60
STRAT DEBUG: Tick 1700000816.0 | Pos: PE | Avg: -2.50 | LastSig: 1700000804.0
STRAT DEBUG: Holding... 12.0 < 60
STRAT DEBUG: Tick 1700000817.0 | Pos: PE | Avg: -2.50 | LastSig: 1700000804.0
STRAT DEBUG: Holding... 13.0 < 60
STRAT DEBUG: Tick 1700000818.0 | Pos: PE | Avg: -2.50 | LastSig: 1700000804.0
STRAT DEBUG: Holding... 14.0 < 60
STRAT DEBUG: Tick 1700000819.0 | Pos: PE | Avg: -2.50 | LastSig: 1700000804.0
STRAT DEBUG: Holding... 15.0 < 60
STRAT DEBUG: Tick 1700000820.0 | Pos: PE | Avg: -2.50 | LastSig: 1700000804.0
STRAT DEBUG: Holding... 16.0 < 60
STRAT DEBUG: Tick 1700000821.0 | Pos: PE | Avg: -2.50 | LastSig: 1700000804.0
STRAT DEBUG: Holding... 17.0 < 60
STRAT DEBUG: Tick 1700000822.0 | Pos: PE | Avg: -2.50 | LastSig: 1700000804.0
STRAT DEBUG: Holding... 18.0 < 60
STRAT DEBUG: Tick 1700000823.0 | Pos: PE | Avg: -2.50 | LastSig: 1700000804.0
STRAT DEBUG: Holding... 19.0 < 60
STRAT DEBUG: Tick 1700000824.0 | Pos: PE | Avg: -2.50 | LastSig: 1700000804.0
STRAT DEBUG: Holding... 20.0 < 60
STRAT DEBUG: Tick 1700000825.0 | Pos: PE | Avg: -2.50 | LastSig: 1700000804.0
STRAT DEBUG: Holding... 21.0 < 60
STRAT DEBUG: Tick 1700000826.0 | Pos: PE | Avg: -2.50 | LastSig: 1700000804.0
STRAT DEBUG: Holding... 22.0 < 60
STRAT DEBUG: Tick 1700000827.0 | Pos: PE | Avg: -2.50 | LastSig: 1700000804.0
STRAT DEBUG: Holding... 23.0 < 60
STRAT DEBUG: Tick 1700000828.0 | Pos: PE | Avg: -2.50 | LastSig: 1700000804.0
STRAT DEBUG: Holding... 24.0 < 60
STRAT DEBUG: Tick 1700000829.0 | Pos: PE | Avg: -2.50 | LastSig: 1700000804.0
STRAT DEBUG: Holding... 25.0 < 60
STRAT DEBUG: Tick 1700000830.0 | Pos: PE | Avg: -2.50 | LastSig: 1700000804.0
STRAT DEBUG: Holding... 26.0 < 60
STRAT DEBUG: Tick 1700000831.0 | Pos: PE | Avg: -2.50 | LastSig: 1700000804.0
STRAT DEBUG: Holding... 27.0 < 60
STRAT DEBUG: Tick 1700000832.0 | Pos: PE | Avg: -2.50 | LastSig: 1700000804.0
STRAT DEBUG: Holding... 28.0 < 60
STRAT DEBUG: Tick 1700000833.0 | Pos: PE | Avg: -2.50 | LastSig: 1700000804.0
STRAT DEBUG: Holding... 29.0 < 60
STRAT DEBUG: Tick 1700000834.0 | Pos: PE | Avg: -2.50 | LastSig: 1700000804.0
STRAT DEBUG: Holding... 30.0 < 60
STRAT DEBUG: Tick 1700000835.0 | Pos: PE | Avg: -2.50 | LastSig: 1700000804.0
STRAT DEBUG: Holding... 31.0 < 60
STRAT DEBUG: Tick 1700000836.0 | Pos: PE | Avg: -2.50 | LastSig: 1700000804.0
STRAT DEBUG: Holding... 32.0 < 60
STRAT DEBUG: Tick 1700000837.0 | Pos: PE | Avg: -2.50 | LastSig: 1700000804.0
STRAT DEBUG: Holding... 33.0 < 60
STRAT DEBUG: Tick 1700000838.0 | Pos: PE | Avg: -2.50 | LastSig: 1700000804.0
STRAT DEBUG: Holding... 34.0 < 60
STRAT DEBUG: Tick 1700000839.0 | Pos: PE | Avg: -2.50 | LastSig: 1700000804.0
STRAT DEBUG: Holding... 35.0 < 60
STRAT DEBUG: Tick 1700000840.0 | Pos: PE | Avg: -2.50 | LastSig: 1700000804.0
STRAT DEBUG: Holding... 36.0 < 60
STRAT DEBUG: Tick 1700000841.0 | Pos: PE | Avg: -2.50 | LastSig: 1700000804.0
STRAT DEBUG: Holding... 37.0 < 60
STRAT DEBUG: Tick 1700000842.0 | Pos: PE | Avg: -2.50 | LastSig: 1700000804.0
STRAT DEBUG: Holding... 38.0 < 60
STRAT DEBUG: Tick 1700000843.0 | Pos: PE | Avg: -2.50 | LastSig: 1700000804.0
STRAT DEBUG: Holding... 39.0 < 60
STRAT DEBUG: Tick 1700000844.0 | Pos: PE | Avg: -2.50 | LastSig: 1700000804.0
STRAT DEBUG: Holding... 40.0 < 60
STRAT DEBUG: Tick 1700000845.0 | Pos: PE | Avg: -2.50 | LastSig: 1700000804.0
STRAT DEBUG: Holding... 41.0 < 60
STRAT DEBUG: Tick 1700000846.0 | Pos: PE | Avg: -2.50 | LastSig: 1700000804.0
STRAT DEBUG: Holding... 42.0 < 60
STRAT DEBUG: Tick 1700000847.0 | Pos: PE | Avg: -2.50 | LastSig: 1700000804.0
STRAT DEBUG: Holding... 43.0 < 60
STRAT DEBUG: Tick 1700000848.0 | Pos: PE | Avg: -2.50 | LastSig: 1700000804.0
STRAT DEBUG: Holding... 44.0 < 60
STRAT DEBUG: Tick 1700000849.0 | Pos: PE | Avg: -2.50 | LastSig: 1700000804.0
STRAT DEBUG: Holding... 45.0 < 60
STRAT DEBUG: Tick 1700000850.0 | Pos: PE | Avg: -2.50 | LastSig: 1700000804.0
STRAT DEBUG: Holding... 46.0 < 60
STRAT DEBUG: Tick 1700000851.0 | Pos: PE | Avg: -2.50 | LastSig: 1700000804.0
STRAT DEBUG: Holding... 47.0 < 60
STRAT DEBUG: Tick 1700000852.0 | Pos: PE | Avg: -2.50 | LastSig: 1700000804.0
STRAT DEBUG: Holding... 48.0 < 60
STRAT DEBUG: Tick 1700000853.0 | Pos: PE | Avg: -2.50 | LastSig: 1700000804.0
STRAT DEBUG: Holding... 49.0 < 60
STRAT DEBUG: Tick 1700000854.0 | Pos: PE | Avg: -2.50 | LastSig: 1700000804.0
STRAT DEBUG: Holding... 50.0 < 60
STRAT DEBUG: Tick 1700000855.0 | Pos: PE | Avg: -2.50 | LastSig: 1700000804.0
STRAT DEBUG: Holding... 51.0 < 60
STRAT DEBUG: Tick 1700000856.0 | Pos: PE | Avg: -2.50 | LastSig: 1700000804.0
STRAT DEBUG: Holding... 52.0 < 60
STRAT DEBUG: Tick 1700000857.0 | Pos: PE | Avg: -2.50 | LastSig: 1700000804.0
STRAT DEBUG: Holding... 53.0 < 60
STRAT DEBUG: Tick 1700000858.0 | Pos: PE | Avg: -2.50 | LastSig: 1700000804.0
STRAT DEBUG: Holding... 54.0 < 60
STRAT DEBUG: Tick 1700000859.0 | Pos: PE | Avg: -2.50 | LastSig: 1700000804.0
STRAT DEBUG: Holding... 55.0 < 60
STRAT DEBUG: Tick 1700000860.0 | Pos: PE | Avg: -2.50 | LastSig: 1700000804.0
STRAT DEBUG: Holding... 56.0 < 60
STRAT DEBUG: Tick 1700000861.0 | Pos: PE | Avg: -2.50 | LastSig: 1700000804.0
STRAT DEBUG: Holding... 57.0 < 60
STRAT DEBUG: Tick 1700000862.0 | Pos: PE | Avg: -2.50 | LastSig: 1700000804.0
STRAT DEBUG: Holding... 58.0 < 60
STRAT DEBUG: Tick 1700000863.0 | Pos: PE | Avg: -2.50 | LastSig: 1700000804.0
STRAT DEBUG: Holding... 59.0 < 60
STRAT DEBUG: Tick 1700000864.0 | Pos: PE | Avg: -2.50 | LastSig: 1700000804.0
STRAT DEBUG: Tick 1700000865.0 | Pos: PE | Avg: -2.50 | LastSig: 1700000804.0
STRAT DEBUG: Tick 1700000866.0 | Pos: PE | Avg: -2.50 | LastSig: 1700000804.0
STRAT DEBUG: Tick 1700000867.0 | Pos: PE | Avg: -2.50 | LastSig: 1700000804.0
STRAT DEBUG: Tick 1700000868.0 | Pos: PE | Avg: -2.50 | LastSig: 1700000804.0
STRAT DEBUG: Tick 1700000869.0 | Pos: PE | Avg: -2.50 | LastSig: 1700000804.0
STRAT DEBUG: Tick 1700000870.0 | Pos: PE | Avg: -2.30 | LastSig: 1700000804.0
STRAT DEBUG: Tick 1700000871.0 | Pos: PE | Avg: -2.10 | LastSig: 1700000804.0
STRAT DEBUG: Tick 1700000872.0 | Pos: PE | Avg: -1.90 | LastSig: 1700000804.0
STRAT DEBUG: Tick 1700000873.0 | Pos: PE | Avg: -1.70 | LastSig: 1700000804.0
STRAT DEBUG: Tick 1700000874.0 | Pos: PE | Avg: -1.50 | LastSig: 1700000804.0
STRAT DEBUG: Tick 1700000875.0 | Pos: PE | Avg: -1.50 | LastSig: 1700000804.0
STRAT DEBUG: Tick 1700000876.0 | Pos: PE | Avg: -1.50 | LastSig: 1700000804.0
STRAT DEBUG: Tick 1700000877.0 | Pos: PE | Avg: -1.50 | LastSig: 1700000804.0
STRAT DEBUG: Tick 1700000878.0 | Pos: PE | Avg: -1.40 | LastSig: 1700000804.0
STRAT DEBUG: Tick 1700000879.0 | Pos: PE | Avg: -1.30 | LastSig: 1700000804.0
STRAT DEBUG: Tick 1700000880.0 | Pos: PE | Avg: -1.20 | LastSig: 1700000804.0
STRAT DEBUG: Tick 1700000881.0 | Pos: PE | Avg: -1.10 | LastSig: 1700000804.0
STRAT DEBUG: Tick 1700000882.0 | Pos: PE | Avg: -1.00 | LastSig: 1700000804.0
STRAT DEBUG: Tick 1700000883.0 | Pos: PE | Avg: -1.00 | LastSig: 1700000804.0
STRAT DEBUG: Tick 1700000884.0 | Pos: PE | Avg: -1.00 | LastSig: 1700000804.0
STRAT DEBUG: Tick 1700000885.0 | Pos: PE | Avg: -1.00 | LastSig: 1700000804.0
STRAT DEBUG: Tick 1700000886.0 | Pos: PE | Avg: -1.00 | LastSig: 1700000804.0
STRAT DEBUG: Tick 1700000887.0 | Pos: PE | Avg: -1.00 | LastSig: 1700000804.0
STRAT DEBUG: Tick 1700000888.0 | Pos: PE | Avg: -1.00 | LastSig: 1700000804.0
STRAT DEBUG: Tick 1700000889.0 | Pos: PE | Avg: -1.00 | LastSig: 1700000804.0
STRAT DEBUG: Tick 1700000890.0 | Pos: PE | Avg: -1.00 | LastSig: 1700000804.0
STRAT DEBUG: Tick 1700000891.0 | Pos: PE | Avg: -1.00 | LastSig: 1700000804.0
STRAT DEBUG: Tick 1700000892.0 | Pos: PE | Avg: -1.00 | LastSig: 1700000804.0
STRAT DEBUG: Tick 1700000893.0 | Pos: PE | Avg: -0.90 | LastSig: 1700000804.0
STRAT DEBUG: Tick 1700000894.0 | Pos: PE | Avg: -0.80 | LastSig: 1700000804.0
STRAT DEBUG: Tick 1700000895.0 | Pos: PE | Avg: -0.70 | LastSig: 1700000804.0
STRAT DEBUG: Tick 1700000896.0 | Pos: PE | Avg: -0.60 | LastSig: 1700000804.0
STRAT DEBUG: Tick 1700000897.0 | Pos: PE | Avg: -0.50 | LastSig: 1700000804.0
STRAT DEBUG: Tick 1700000898.0 | Pos: PE | Avg: -0.50 | LastSig: 1700000804.0
STRAT DEBUG: Tick 1700000899.0 | Pos: PE | Avg: -0.50 | LastSig: 1700000804.0
PASSED

============================== 1 passed in 8.43s ===============================
✅ Regression Tests PASSED
